Archive member included to satisfy reference by file (symbol)

/usr/lib/gcc/arm-none-eabi/12.2.1/../../../arm-none-eabi/lib/thumb/v7-m/nofp/libc_nano.a(lib_a-atexit.o)
                              /usr/lib/gcc/arm-none-eabi/12.2.1/../../../arm-none-eabi/lib/thumb/v7-m/nofp/crt0.o (atexit)
/usr/lib/gcc/arm-none-eabi/12.2.1/../../../arm-none-eabi/lib/thumb/v7-m/nofp/libc_nano.a(lib_a-exit.o)
                              /usr/lib/gcc/arm-none-eabi/12.2.1/../../../arm-none-eabi/lib/thumb/v7-m/nofp/crt0.o (exit)
/usr/lib/gcc/arm-none-eabi/12.2.1/../../../arm-none-eabi/lib/thumb/v7-m/nofp/libc_nano.a(lib_a-fini.o)
                              /usr/lib/gcc/arm-none-eabi/12.2.1/../../../arm-none-eabi/lib/thumb/v7-m/nofp/crt0.o (__libc_fini_array)
/usr/lib/gcc/arm-none-eabi/12.2.1/../../../arm-none-eabi/lib/thumb/v7-m/nofp/libc_nano.a(lib_a-impure.o)
                              /usr/lib/gcc/arm-none-eabi/12.2.1/../../../arm-none-eabi/lib/thumb/v7-m/nofp/libc_nano.a(lib_a-exit.o) (_global_impure_ptr)
/usr/lib/gcc/arm-none-eabi/12.2.1/../../../arm-none-eabi/lib/thumb/v7-m/nofp/libc_nano.a(lib_a-init.o)
                              /usr/lib/gcc/arm-none-eabi/12.2.1/../../../arm-none-eabi/lib/thumb/v7-m/nofp/crt0.o (__libc_init_array)
/usr/lib/gcc/arm-none-eabi/12.2.1/../../../arm-none-eabi/lib/thumb/v7-m/nofp/libc_nano.a(lib_a-memset.o)
                              /usr/lib/gcc/arm-none-eabi/12.2.1/../../../arm-none-eabi/lib/thumb/v7-m/nofp/crt0.o (memset)
/usr/lib/gcc/arm-none-eabi/12.2.1/../../../arm-none-eabi/lib/thumb/v7-m/nofp/libc_nano.a(lib_a-sprintf.o)
                              Debug/main.o (sprintf)
/usr/lib/gcc/arm-none-eabi/12.2.1/../../../arm-none-eabi/lib/thumb/v7-m/nofp/libc_nano.a(lib_a-__atexit.o)
                              /usr/lib/gcc/arm-none-eabi/12.2.1/../../../arm-none-eabi/lib/thumb/v7-m/nofp/libc_nano.a(lib_a-atexit.o) (__register_exitproc)
/usr/lib/gcc/arm-none-eabi/12.2.1/../../../arm-none-eabi/lib/thumb/v7-m/nofp/libc_nano.a(lib_a-__call_atexit.o)
                              /usr/lib/gcc/arm-none-eabi/12.2.1/../../../arm-none-eabi/lib/thumb/v7-m/nofp/libc_nano.a(lib_a-__atexit.o) (__call_exitprocs)
/usr/lib/gcc/arm-none-eabi/12.2.1/../../../arm-none-eabi/lib/thumb/v7-m/nofp/libc_nano.a(lib_a-nano-svfprintf.o)
                              /usr/lib/gcc/arm-none-eabi/12.2.1/../../../arm-none-eabi/lib/thumb/v7-m/nofp/libc_nano.a(lib_a-sprintf.o) (_svfprintf_r)
/usr/lib/gcc/arm-none-eabi/12.2.1/../../../arm-none-eabi/lib/thumb/v7-m/nofp/libc_nano.a(lib_a-nano-vfprintf_i.o)
                              /usr/lib/gcc/arm-none-eabi/12.2.1/../../../arm-none-eabi/lib/thumb/v7-m/nofp/libc_nano.a(lib_a-nano-svfprintf.o) (_printf_i)
/usr/lib/gcc/arm-none-eabi/12.2.1/../../../arm-none-eabi/lib/thumb/v7-m/nofp/libc_nano.a(lib_a-memchr-stub.o)
                              /usr/lib/gcc/arm-none-eabi/12.2.1/../../../arm-none-eabi/lib/thumb/v7-m/nofp/libc_nano.a(lib_a-nano-svfprintf.o) (memchr)
/usr/lib/gcc/arm-none-eabi/12.2.1/../../../arm-none-eabi/lib/thumb/v7-m/nofp/libc_nano.a(lib_a-memcpy.o)
                              /usr/lib/gcc/arm-none-eabi/12.2.1/../../../arm-none-eabi/lib/thumb/v7-m/nofp/libc_nano.a(lib_a-nano-svfprintf.o) (memcpy)
/usr/lib/gcc/arm-none-eabi/12.2.1/../../../arm-none-eabi/lib/thumb/v7-m/nofp/libc_nano.a(lib_a-memmove.o)
                              /usr/lib/gcc/arm-none-eabi/12.2.1/../../../arm-none-eabi/lib/thumb/v7-m/nofp/libc_nano.a(lib_a-nano-svfprintf.o) (memmove)
/usr/lib/gcc/arm-none-eabi/12.2.1/../../../arm-none-eabi/lib/thumb/v7-m/nofp/libc_nano.a(lib_a-nano-freer.o)
                              /usr/lib/gcc/arm-none-eabi/12.2.1/../../../arm-none-eabi/lib/thumb/v7-m/nofp/libc_nano.a(lib_a-nano-svfprintf.o) (_free_r)
/usr/lib/gcc/arm-none-eabi/12.2.1/../../../arm-none-eabi/lib/thumb/v7-m/nofp/libc_nano.a(lib_a-nano-mallocr.o)
                              /usr/lib/gcc/arm-none-eabi/12.2.1/../../../arm-none-eabi/lib/thumb/v7-m/nofp/libc_nano.a(lib_a-nano-svfprintf.o) (_malloc_r)
/usr/lib/gcc/arm-none-eabi/12.2.1/../../../arm-none-eabi/lib/thumb/v7-m/nofp/libc_nano.a(lib_a-nano-reallocr.o)
                              /usr/lib/gcc/arm-none-eabi/12.2.1/../../../arm-none-eabi/lib/thumb/v7-m/nofp/libc_nano.a(lib_a-nano-svfprintf.o) (_realloc_r)
/usr/lib/gcc/arm-none-eabi/12.2.1/../../../arm-none-eabi/lib/thumb/v7-m/nofp/libc_nano.a(lib_a-sbrkr.o)
                              /usr/lib/gcc/arm-none-eabi/12.2.1/../../../arm-none-eabi/lib/thumb/v7-m/nofp/libc_nano.a(lib_a-nano-mallocr.o) (_sbrk_r)
/usr/lib/gcc/arm-none-eabi/12.2.1/../../../arm-none-eabi/lib/thumb/v7-m/nofp/libc_nano.a(lib_a-mlock.o)
                              /usr/lib/gcc/arm-none-eabi/12.2.1/../../../arm-none-eabi/lib/thumb/v7-m/nofp/libc_nano.a(lib_a-nano-freer.o) (__malloc_lock)
/usr/lib/gcc/arm-none-eabi/12.2.1/../../../arm-none-eabi/lib/thumb/v7-m/nofp/libc_nano.a(lib_a-nano-msizer.o)
[...]
Memory Configuration

Name             Origin             Length             Attributes
RAM              0x20000000         0x00014000         xrw
FLASH            0x08000000         0x00080000         xr
*default*        0x00000000         0xffffffff

Linker script and memory map

LOAD /usr/lib/gcc/arm-none-eabi/12.2.1/thumb/v7-m/nofp/crti.o
LOAD /usr/lib/gcc/arm-none-eabi/12.2.1/thumb/v7-m/nofp/crtbegin.o
LOAD /usr/lib/gcc/arm-none-eabi/12.2.1/../../../arm-none-eabi/lib/thumb/v7-m/nofp/crt0.o
LOAD Debug/main.o
LOAD Debug/stm32l1xx_it.o
LOAD Debug/stm32l1xx_hal_msp.o
LOAD Debug/stm32l1xx_hal_tim.o
LOAD Debug/stm32l1xx_hal_tim_ex.o
LOAD Debug/stm32l1xx_hal.o
LOAD Debug/stm32l1xx_hal_rcc.o
LOAD Debug/stm32l1xx_hal_rcc_ex.o
LOAD Debug/stm32l1xx_hal_flash.o
LOAD Debug/stm32l1xx_hal_flash_ex.o
LOAD Debug/stm32l1xx_hal_flash_ramfunc.o
LOAD Debug/stm32l1xx_hal_gpio.o
LOAD Debug/stm32l1xx_hal_dma.o
LOAD Debug/stm32l1xx_hal_pwr.o
LOAD Debug/stm32l1xx_hal_pwr_ex.o
LOAD Debug/stm32l1xx_hal_cortex.o
LOAD Debug/stm32l1xx_hal_exti.o
LOAD Debug/stm32l1xx_hal_uart.o
LOAD Debug/system_stm32l1xx.o
LOAD Debug/startup_stm32l152xe.o
LOAD /usr/lib/gcc/arm-none-eabi/12.2.1/../../../arm-none-eabi/lib/thumb/v7-m/nofp/libc_nano.a
LOAD /usr/lib/gcc/arm-none-eabi/12.2.1/../../../arm-none-eabi/lib/thumb/v7-m/nofp/libm.a
LOAD /usr/lib/gcc/arm-none-eabi/12.2.1/../../../arm-none-eabi/lib/thumb/v7-m/nofp/libnosys.a
START GROUP
LOAD /usr/lib/gcc/arm-none-eabi/12.2.1/thumb/v7-m/nofp/libgcc.a
LOAD /usr/lib/gcc/arm-none-eabi/12.2.1/../../../arm-none-eabi/lib/thumb/v7-m/nofp/libc_nano.a
END GROUP
START GROUP
LOAD /usr/lib/gcc/arm-none-eabi/12.2.1/thumb/v7-m/nofp/libgcc.a
LOAD /usr/lib/gcc/arm-none-eabi/12.2.1/../../../arm-none-eabi/lib/thumb/v7-m/nofp/libc_nano.a
END GROUP
LOAD /usr/lib/gcc/arm-none-eabi/12.2.1/thumb/v7-m/nofp/crtend.o
LOAD /usr/lib/gcc/arm-none-eabi/12.2.1/thumb/v7-m/nofp/crtn.o
                0x20014000                        _estack = (ORIGIN (RAM) + LENGTH (RAM))
                0x00000000                        _Min_Heap_Size = 0x0
                0x00000400                        _Min_Stack_Size = 0x400

.isr_vector     0x08000000      0x13c
                0x08000000                        . = ALIGN (0x4)
 *(.isr_vector)
 .isr_vector    0x08000000      0x13c Debug/startup_stm32l152xe.o
                0x08000000                g_pfnVectors
                0x0800013c                        . = ALIGN (0x4)

.text           0x0800013c     0x4034
                0x0800013c                        . = ALIGN (0x4)
 *(.text)
 .text          0x0800013c       0x88 /usr/lib/gcc/arm-none-eabi/12.2.1/thumb/v7-m/nofp/crtbegin.o
 .text          0x080001c4       0x48 /usr/lib/gcc/arm-none-eabi/12.2.1/../../../arm-none-eabi/lib/thumb/v7-m/nofp/libc_nano.a(lib_a-init.o)
                0x080001c4                __libc_init_array
 .text          0x0800020c       0xa4 /usr/lib/gcc/arm-none-eabi/12.2.1/../../../arm-none-eabi/lib/thumb/v7-m/nofp/libc_nano.a(lib_a-memset.o)
                0x0800020c                memset
 .text          0x080002b0       0x80 /usr/lib/gcc/arm-none-eabi/12.2.1/../../../arm-none-eabi/lib/thumb/v7-m/nofp/libc_nano.a(lib_a-sprintf.o)
                0x080002b0                _siprintf_r
                0x080002b0                _sprintf_r
                0x080002ec                sprintf
                0x080002ec                siprintf
 .text          0x08000330      0x3f4 /usr/lib/gcc/arm-none-eabi/12.2.1/../../../arm-none-eabi/lib/thumb/v7-m/nofp/libc_nano.a(lib_a-nano-svfprintf.o)
                0x08000330                __ssputs_r
                0x080003f4                __ssprint_r
                0x080004f0                _svfprintf_r
                0x080004f0                _svfiprintf_r
 .text          0x08000724      0x3d8 /usr/lib/gcc/arm-none-eabi/12.2.1/../../../arm-none-eabi/lib/thumb/v7-m/nofp/libc_nano.a(lib_a-nano-vfprintf_i.o)
                0x08000724                _printf_common
                0x08000850                _printf_i
 .text          0x08000afc       0x90 /usr/lib/gcc/arm-none-eabi/12.2.1/../../../arm-none-eabi/lib/thumb/v7-m/nofp/libc_nano.a(lib_a-memchr-stub.o)
                0x08000afc                memchr
 .text          0x08000b8c       0xec /usr/lib/gcc/arm-none-eabi/12.2.1/../../../arm-none-eabi/lib/thumb/v7-m/nofp/libc_nano.a(lib_a-memcpy.o)
                0x08000b8c                memcpy
 .text          0x08000c78       0xf8 /usr/lib/gcc/arm-none-eabi/12.2.1/../../../arm-none-eabi/lib/thumb/v7-m/nofp/libc_nano.a(lib_a-memmove.o)
                0x08000c78                memmove
 .text          0x08000d70       0xcc /usr/lib/gcc/arm-none-eabi/12.2.1/../../../arm-none-eabi/lib/thumb/v7-m/nofp/libc_nano.a(lib_a-nano-freer.o)
                0x08000d70                _free_r
 .text          0x08000e3c       0xb8 /usr/lib/gcc/arm-none-eabi/12.2.1/../../../arm-none-eabi/lib/thumb/v7-m/nofp/libc_nano.a(lib_a-nano-mallocr.o)
                0x08000e3c                _malloc_r
 .text          0x08000ef4       0x50 /usr/lib/gcc/arm-none-eabi/12.2.1/../../../arm-none-eabi/lib/thumb/v7-m/nofp/libc_nano.a(lib_a-nano-reallocr.o)
                0x08000ef4                _realloc_r
 .text          0x08000f44       0x24 /usr/lib/gcc/arm-none-eabi/12.2.1/../../../arm-none-eabi/lib/thumb/v7-m/nofp/libc_nano.a(lib_a-sbrkr.o)
                0x08000f44                _sbrk_r
 .text          0x08000f68        0x8 /usr/lib/gcc/arm-none-eabi/12.2.1/../../../arm-none-eabi/lib/thumb/v7-m/nofp/libc_nano.a(lib_a-mlock.o)
                0x08000f68                __malloc_lock
                0x08000f6c                __malloc_unlock
 .text          0x08000f70       0x14 /usr/lib/gcc/arm-none-eabi/12.2.1/../../../arm-none-eabi/lib/thumb/v7-m/nofp/libc_nano.a(lib_a-nano-msizer.o)
                0x08000f70                _malloc_usable_size_r
 .text          0x08000f84       0x1c /usr/lib/gcc/arm-none-eabi/12.2.1/../../../arm-none-eabi/lib/thumb/v7-m/nofp/libnosys.a(sbrk.o)
                0x08000f84                _sbrk
 .text          0x08000fa0      0x254 /usr/lib/gcc/arm-none-eabi/12.2.1/thumb/v7-m/nofp/libgcc.a(_arm_muldf3.o)
                0x08000fa0                __aeabi_dmul
                0x08000fa0                __muldf3
 .text          0x080011f4      0x378 /usr/lib/gcc/arm-none-eabi/12.2.1/thumb/v7-m/nofp/libgcc.a(_arm_addsubdf3.o)
                0x080011f4                __aeabi_drsub
                0x080011fc                __aeabi_dsub
                0x080011fc                __subdf3
                0x08001200                __adddf3
                0x08001200                __aeabi_dadd
                0x08001478                __aeabi_ui2d
                0x08001478                __floatunsidf
                0x08001498                __floatsidf
                0x08001498                __aeabi_i2d
                0x080014bc                __extendsfdf2
                0x080014bc                __aeabi_f2d
                0x08001500                __aeabi_ul2d
                0x08001500                __floatundidf
                0x08001510                __floatdidf
                0x08001510                __aeabi_l2d
 .text          0x0800156c       0x40 /usr/lib/gcc/arm-none-eabi/12.2.1/thumb/v7-m/nofp/libgcc.a(_arm_fixunsdfsi.o)
                0x0800156c                __fixunsdfsi
                0x0800156c                __aeabi_d2uiz
 .text          0x080015ac      0x21c /usr/lib/gcc/arm-none-eabi/12.2.1/thumb/v7-m/nofp/libgcc.a(_arm_addsubsf3.o)
                0x080015ac                __aeabi_frsub
                0x080015b4                __subsf3
                0x080015b4                __aeabi_fsub
                0x080015b8                __aeabi_fadd
                0x080015b8                __addsf3
                0x08001718                __aeabi_ui2f
                0x08001718                __floatunsisf
                0x08001720                __aeabi_i2f
                0x08001720                __floatsisf
                0x0800173c                __floatundisf
                0x0800173c                __aeabi_ul2f
                0x0800174c                __floatdisf
                0x0800174c                __aeabi_l2f
 .text          0x080017c8      0x2a0 /usr/lib/gcc/arm-none-eabi/12.2.1/thumb/v7-m/nofp/libgcc.a(_arm_muldivsf3.o)
                0x080017c8                __mulsf3
                0x080017c8                __aeabi_fmul
                0x08001930                __divsf3
                0x08001930                __aeabi_fdiv
 .text          0x08001a68       0xec /usr/lib/gcc/arm-none-eabi/12.2.1/thumb/v7-m/nofp/libgcc.a(_arm_cmpsf2.o)
                0x08001a68                __gtsf2
                0x08001a68                __gesf2
                0x08001a70                __lesf2
                0x08001a70                __ltsf2
                0x08001a78                __nesf2
                0x08001a78                __eqsf2
                0x08001a78                __cmpsf2
                0x08001ad8                __aeabi_cfrcmple
                0x08001ae0                __aeabi_cfcmple
                0x08001ae0                __aeabi_cfcmpeq
                0x08001af0                __aeabi_fcmpeq
                0x08001b04                __aeabi_fcmplt
                0x08001b18                __aeabi_fcmple
                0x08001b2c                __aeabi_fcmpge
                0x08001b40                __aeabi_fcmpgt
 .text          0x08001b54       0x40 /usr/lib/gcc/arm-none-eabi/12.2.1/thumb/v7-m/nofp/libgcc.a(_arm_fixunssfsi.o)
                0x08001b54                __aeabi_f2uiz
                0x08001b54                __fixunssfsi
 .text          0x08001b94       0x30 /usr/lib/gcc/arm-none-eabi/12.2.1/thumb/v7-m/nofp/libgcc.a(_aeabi_uldivmod.o)
                0x08001b94                __aeabi_uldivmod
 .text          0x08001bc4      0x2c0 /usr/lib/gcc/arm-none-eabi/12.2.1/thumb/v7-m/nofp/libgcc.a(_udivmoddi4.o)
                0x08001bc4                __udivmoddi4
 .text          0x08001e84        0x4 /usr/lib/gcc/arm-none-eabi/12.2.1/thumb/v7-m/nofp/libgcc.a(_dvmd_tls.o)
                0x08001e84                __aeabi_ldiv0
                0x08001e84                __aeabi_idiv0
 *(.text*)
 .text.MX_GPIO_Init
                0x08001e88       0xa0 Debug/main.o
 .text.MX_NVIC_Init
                0x08001f28       0x24 Debug/main.o
 .text.HAL_TIM_PeriodElapsedCallback
                0x08001f4c       0x4c Debug/main.o
                0x08001f4c                HAL_TIM_PeriodElapsedCallback
 .text.HAL_GPIO_EXTI_Callback
                0x08001f98       0x28 Debug/main.o
                0x08001f98                HAL_GPIO_EXTI_Callback
 .text.set_LED_Blink_freq
                0x08001fc0       0x1c Debug/main.o
                0x08001fc0                set_LED_Blink_freq
 .text.set_FW_Speed
                0x08001fdc       0x38 Debug/main.o
                0x08001fdc                set_FW_Speed
 .text.Command_Parser
                0x08002014       0x90 Debug/main.o
                0x08002014                Command_Parser
 .text.Error_Handler
                0x080020a4       0x24 Debug/main.o
                0x080020a4                Error_Handler
 .text.MX_USART2_UART_Init
                0x080020c8       0x34 Debug/main.o
 .text.MX_TIM11_Init
                0x080020fc       0x5c Debug/main.o
 .text.MX_TIM7_Init
                0x08002158       0x50 Debug/main.o
 .text.MX_TIM6_Init
                0x080021a8       0x50 Debug/main.o
 .text.SystemClock_Config
                0x080021f8       0x78 Debug/main.o
                0x080021f8                SystemClock_Config
 .text.main     0x08002270      0x234 Debug/main.o
                0x08002270                main
 .text.HAL_UART_RxCpltCallback
                0x080024a4       0xb4 Debug/main.o
                0x080024a4                HAL_UART_RxCpltCallback
 .text.NMI_Handler
                0x08002558        0x2 Debug/stm32l1xx_it.o
                0x08002558                NMI_Handler
 .text.HardFault_Handler
                0x0800255a        0x2 Debug/stm32l1xx_it.o
                0x0800255a                HardFault_Handler
 .text.MemManage_Handler
                0x0800255c        0x2 Debug/stm32l1xx_it.o
                0x0800255c                MemManage_Handler
 .text.BusFault_Handler
                0x0800255e        0x2 Debug/stm32l1xx_it.o
                0x0800255e                BusFault_Handler
 .text.UsageFault_Handler
                0x08002560        0x2 Debug/stm32l1xx_it.o
                0x08002560                UsageFault_Handler
 .text.SVC_Handler
                0x08002562        0x2 Debug/stm32l1xx_it.o
                0x08002562                SVC_Handler
 .text.DebugMon_Handler
                0x08002564        0x2 Debug/stm32l1xx_it.o
                0x08002564                DebugMon_Handler
 .text.PendSV_Handler
                0x08002566        0x2 Debug/stm32l1xx_it.o
                0x08002566                PendSV_Handler
 .text.SysTick_Handler
                0x08002568        0x8 Debug/stm32l1xx_it.o
                0x08002568                SysTick_Handler
 .text.USART2_IRQHandler
                0x08002570       0x10 Debug/stm32l1xx_it.o
                0x08002570                USART2_IRQHandler
 .text.EXTI15_10_IRQHandler
                0x08002580        0xc Debug/stm32l1xx_it.o
                0x08002580                EXTI15_10_IRQHandler
 .text.TIM6_IRQHandler
                0x0800258c       0x10 Debug/stm32l1xx_it.o
                0x0800258c                TIM6_IRQHandler
 .text.TIM7_IRQHandler
                0x0800259c       0x10 Debug/stm32l1xx_it.o
                0x0800259c                TIM7_IRQHandler
 .text.HAL_MspInit
                0x080025ac       0x4c Debug/stm32l1xx_hal_msp.o
                0x080025ac                HAL_MspInit
 .text.HAL_TIM_Base_MspInit
                0x080025f8       0x70 Debug/stm32l1xx_hal_msp.o
                0x080025f8                HAL_TIM_Base_MspInit
 .text.HAL_TIM_PWM_MspInit
                0x08002668       0x2c Debug/stm32l1xx_hal_msp.o
                0x08002668                HAL_TIM_PWM_MspInit
 .text.HAL_TIM_MspPostInit
                0x08002694       0x54 Debug/stm32l1xx_hal_msp.o
                0x08002694                HAL_TIM_MspPostInit
 .text.HAL_UART_MspInit
                0x080026e8       0x68 Debug/stm32l1xx_hal_msp.o
                0x080026e8                HAL_UART_MspInit
 .text.TIM_Base_SetConfig
                0x08002750       0x88 Debug/stm32l1xx_hal_tim.o
 .text.TIM_OC1_SetConfig
                0x080027d8       0x30 Debug/stm32l1xx_hal_tim.o
 .text.TIM_OC2_SetConfig
                0x08002808       0x36 Debug/stm32l1xx_hal_tim.o
 .text.TIM_OC3_SetConfig
                0x0800283e       0x34 Debug/stm32l1xx_hal_tim.o
 .text.TIM_OC4_SetConfig
                0x08002872       0x36 Debug/stm32l1xx_hal_tim.o
 .text.TIM_CCxChannelCmd
                0x080028a8       0x1e Debug/stm32l1xx_hal_tim.o
 .text.HAL_TIM_Base_Init
                0x080028c6       0x48 Debug/stm32l1xx_hal_tim.o
                0x080028c6                HAL_TIM_Base_Init
 *fill*         0x0800290e        0x2 
 .text.HAL_TIM_Base_Start_IT
                0x08002910       0x68 Debug/stm32l1xx_hal_tim.o
                0x08002910                HAL_TIM_Base_Start_IT
 .text.HAL_TIM_PWM_Init
                0x08002978       0x48 Debug/stm32l1xx_hal_tim.o
                0x08002978                HAL_TIM_PWM_Init
 .text.HAL_TIM_PWM_Start
                0x080029c0       0xcc Debug/stm32l1xx_hal_tim.o
                0x080029c0                HAL_TIM_PWM_Start
 .text.HAL_TIM_PWM_ConfigChannel
                0x08002a8c       0xdc Debug/stm32l1xx_hal_tim.o
                0x08002a8c                HAL_TIM_PWM_ConfigChannel
 .text.HAL_TIM_OC_DelayElapsedCallback
                0x08002b68        0x2 Debug/stm32l1xx_hal_tim.o
                0x08002b68                HAL_TIM_OC_DelayElapsedCallback
 .text.HAL_TIM_IC_CaptureCallback
                0x08002b6a        0x2 Debug/stm32l1xx_hal_tim.o
                0x08002b6a                HAL_TIM_IC_CaptureCallback
 .text.HAL_TIM_PWM_PulseFinishedCallback
                0x08002b6c        0x2 Debug/stm32l1xx_hal_tim.o
                0x08002b6c                HAL_TIM_PWM_PulseFinishedCallback
 .text.HAL_TIM_TriggerCallback
                0x08002b6e        0x2 Debug/stm32l1xx_hal_tim.o
                0x08002b6e                HAL_TIM_TriggerCallback
 .text.HAL_TIM_IRQHandler
                0x08002b70      0x13a Debug/stm32l1xx_hal_tim.o
                0x08002b70                HAL_TIM_IRQHandler
 *fill*         0x08002caa        0x2 
 .text.HAL_TIMEx_MasterConfigSynchronization
                0x08002cac       0x6c Debug/stm32l1xx_hal_tim_ex.o
                0x08002cac                HAL_TIMEx_MasterConfigSynchronization
 .text.HAL_InitTick
                0x08002d18       0x50 Debug/stm32l1xx_hal.o
                0x08002d18                HAL_InitTick
 .text.HAL_Init
                0x08002d68       0x1e Debug/stm32l1xx_hal.o
                0x08002d68                HAL_Init
 *fill*         0x08002d86        0x2 
 .text.HAL_IncTick
                0x08002d88       0x18 Debug/stm32l1xx_hal.o
                0x08002d88                HAL_IncTick
 .text.HAL_GetTick
                0x08002da0        0xc Debug/stm32l1xx_hal.o
                0x08002da0                HAL_GetTick
 .text.RCC_SetFlashLatencyFromMSIRange
                0x08002dac       0x90 Debug/stm32l1xx_hal_rcc.o
 .text.HAL_RCC_OscConfig
                0x08002e3c      0x4f8 Debug/stm32l1xx_hal_rcc.o
                0x08002e3c                HAL_RCC_OscConfig
 .text.HAL_RCC_GetSysClockFreq
                0x08003334       0xdc Debug/stm32l1xx_hal_rcc.o
                0x08003334                HAL_RCC_GetSysClockFreq
 .text.HAL_RCC_ClockConfig
                0x08003410      0x1cc Debug/stm32l1xx_hal_rcc.o
                0x08003410                HAL_RCC_ClockConfig
 .text.HAL_RCC_GetHCLKFreq
                0x080035dc        0xc Debug/stm32l1xx_hal_rcc.o
                0x080035dc                HAL_RCC_GetHCLKFreq
 .text.HAL_RCC_GetPCLK1Freq
                0x080035e8       0x20 Debug/stm32l1xx_hal_rcc.o
                0x080035e8                HAL_RCC_GetPCLK1Freq
 .text.HAL_RCC_GetPCLK2Freq
                0x08003608       0x20 Debug/stm32l1xx_hal_rcc.o
                0x08003608                HAL_RCC_GetPCLK2Freq
 .text.HAL_GPIO_Init
                0x08003628      0x1e8 Debug/stm32l1xx_hal_gpio.o
                0x08003628                HAL_GPIO_Init
 .text.HAL_GPIO_WritePin
                0x08003810        0xc Debug/stm32l1xx_hal_gpio.o
                0x08003810                HAL_GPIO_WritePin
 .text.HAL_GPIO_TogglePin
                0x0800381c       0x12 Debug/stm32l1xx_hal_gpio.o
                0x0800381c                HAL_GPIO_TogglePin
 *fill*         0x0800382e        0x2 
 .text.HAL_GPIO_EXTI_IRQHandler
                0x08003830       0x1c Debug/stm32l1xx_hal_gpio.o
                0x08003830                HAL_GPIO_EXTI_IRQHandler
 .text.HAL_DMA_Abort
                0x0800384c       0x4a Debug/stm32l1xx_hal_dma.o
                0x0800384c                HAL_DMA_Abort
 .text.HAL_DMA_Abort_IT
                0x08003896       0x50 Debug/stm32l1xx_hal_dma.o
                0x08003896                HAL_DMA_Abort_IT
 *fill*         0x080038e6        0x2 
 .text.__NVIC_SetPriority
                0x080038e8       0x28 Debug/stm32l1xx_hal_cortex.o
 .text.NVIC_EncodePriority
                0x08003910       0x3e Debug/stm32l1xx_hal_cortex.o
 *fill*         0x0800394e        0x2 
 .text.HAL_NVIC_SetPriorityGrouping
                0x08003950       0x24 Debug/stm32l1xx_hal_cortex.o
                0x08003950                HAL_NVIC_SetPriorityGrouping
 .text.HAL_NVIC_SetPriority
                0x08003974       0x20 Debug/stm32l1xx_hal_cortex.o
                0x08003974                HAL_NVIC_SetPriority
 .text.HAL_NVIC_EnableIRQ
                0x08003994       0x1c Debug/stm32l1xx_hal_cortex.o
                0x08003994                HAL_NVIC_EnableIRQ
 .text.HAL_SYSTICK_Config
                0x080039b0       0x28 Debug/stm32l1xx_hal_cortex.o
                0x080039b0                HAL_SYSTICK_Config
 .text.UART_EndRxTransfer
                0x080039d8       0x5c Debug/stm32l1xx_hal_uart.o
 .text.UART_Transmit_IT
                0x08003a34       0x60 Debug/stm32l1xx_hal_uart.o
 .text.UART_SetConfig
                0x08003a94       0xdc Debug/stm32l1xx_hal_uart.o
 .text.UART_WaitOnFlagUntilTimeout
                0x08003b70       0x84 Debug/stm32l1xx_hal_uart.o
 .text.HAL_UART_Init
                0x08003bf4       0x60 Debug/stm32l1xx_hal_uart.o
                0x08003bf4                HAL_UART_Init
 .text.HAL_UART_Transmit
                0x08003c54       0xbe Debug/stm32l1xx_hal_uart.o
                0x08003c54                HAL_UART_Transmit
 .text.HAL_UART_TxCpltCallback
                0x08003d12        0x2 Debug/stm32l1xx_hal_uart.o
                0x08003d12                HAL_UART_TxCpltCallback
 .text.UART_EndTransmit_IT
                0x08003d14       0x1a Debug/stm32l1xx_hal_uart.o
 .text.HAL_UART_ErrorCallback
                0x08003d2e        0x2 Debug/stm32l1xx_hal_uart.o
                0x08003d2e                HAL_UART_ErrorCallback
 .text.UART_DMAAbortOnError
                0x08003d30       0x10 Debug/stm32l1xx_hal_uart.o
 .text.HAL_UARTEx_RxEventCallback
                0x08003d40        0x2 Debug/stm32l1xx_hal_uart.o
                0x08003d40                HAL_UARTEx_RxEventCallback
 .text.UART_Receive_IT
                0x08003d42       0xe6 Debug/stm32l1xx_hal_uart.o
 .text.HAL_UART_IRQHandler
                0x08003e28      0x284 Debug/stm32l1xx_hal_uart.o
                0x08003e28                HAL_UART_IRQHandler
 .text.UART_Start_Receive_IT
                0x080040ac       0x36 Debug/stm32l1xx_hal_uart.o
                0x080040ac                UART_Start_Receive_IT
 .text.HAL_UART_Receive_IT
                0x080040e2       0x26 Debug/stm32l1xx_hal_uart.o
                0x080040e2                HAL_UART_Receive_IT
 .text.SystemInit
                0x08004108        0x2 Debug/system_stm32l1xx.o
                0x08004108                SystemInit
 *fill*         0x0800410a        0x2 
 .text.Reset_Handler
                0x0800410c       0x48 Debug/startup_stm32l152xe.o
                0x0800410c                Reset_Handler
 .text.Default_Handler
                0x08004154        0x2 Debug/startup_stm32l152xe.o
                0x08004154                RTC_Alarm_IRQHandler
                0x08004154                EXTI2_IRQHandler
                0x08004154                COMP_ACQ_IRQHandler
                0x08004154                TIM10_IRQHandler
                0x08004154                USB_HP_IRQHandler
                0x08004154                PVD_IRQHandler
                0x08004154                EXTI3_IRQHandler
                0x08004154                EXTI0_IRQHandler
                0x08004154                I2C2_EV_IRQHandler
                0x08004154                SPI1_IRQHandler
                0x08004154                USB_FS_WKUP_IRQHandler
                0x08004154                DMA2_Channel2_IRQHandler
                0x08004154                DMA1_Channel4_IRQHandler
                0x08004154                ADC1_IRQHandler
                0x08004154                USART3_IRQHandler
                0x08004154                DMA1_Channel7_IRQHandler
                0x08004154                LCD_IRQHandler
                0x08004154                UART5_IRQHandler
                0x08004154                TIM4_IRQHandler
                0x08004154                DMA2_Channel1_IRQHandler
                0x08004154                I2C1_EV_IRQHandler
                0x08004154                DMA1_Channel6_IRQHandler
                0x08004154                UART4_IRQHandler
                0x08004154                DMA2_Channel4_IRQHandler
                0x08004154                TIM3_IRQHandler
                0x08004154                RCC_IRQHandler
                0x08004154                DMA1_Channel1_IRQHandler
                0x08004154                Default_Handler
                0x08004154                TIM5_IRQHandler
                0x08004154                EXTI9_5_IRQHandler
                0x08004154                TIM9_IRQHandler
                0x08004154                TAMPER_STAMP_IRQHandler
                0x08004154                RTC_WKUP_IRQHandler
                0x08004154                SPI2_IRQHandler
                0x08004154                DMA2_Channel5_IRQHandler
                0x08004154                DMA1_Channel5_IRQHandler
                0x08004154                USB_LP_IRQHandler
                0x08004154                EXTI4_IRQHandler
                0x08004154                DMA1_Channel3_IRQHandler
                0x08004154                COMP_IRQHandler
                0x08004154                WWDG_IRQHandler
                0x08004154                TIM2_IRQHandler
                0x08004154                DAC_IRQHandler
                0x08004154                EXTI1_IRQHandler
                0x08004154                TIM11_IRQHandler
                0x08004154                I2C2_ER_IRQHandler
                0x08004154                DMA1_Channel2_IRQHandler
                0x08004154                FLASH_IRQHandler
                0x08004154                USART1_IRQHandler
                0x08004154                SPI3_IRQHandler
                0x08004154                I2C1_ER_IRQHandler
                0x08004154                DMA2_Channel3_IRQHandler
 *(.glue_7)
 .glue_7        0x08004156        0x0 linker stubs
 *(.glue_7t)
 .glue_7t       0x08004156        0x0 linker stubs
 *(.eh_frame)
 *fill*         0x08004156        0x2 
 .eh_frame      0x08004158        0x0 /usr/lib/gcc/arm-none-eabi/12.2.1/thumb/v7-m/nofp/crtbegin.o
 *(.init)
 .init          0x08004158        0x4 /usr/lib/gcc/arm-none-eabi/12.2.1/thumb/v7-m/nofp/crti.o
                0x08004158                _init
 .init          0x0800415c        0x8 /usr/lib/gcc/arm-none-eabi/12.2.1/thumb/v7-m/nofp/crtn.o
 *(.fini)
 .fini          0x08004164        0x4 /usr/lib/gcc/arm-none-eabi/12.2.1/thumb/v7-m/nofp/crti.o
                0x08004164                _fini
 .fini          0x08004168        0x8 /usr/lib/gcc/arm-none-eabi/12.2.1/thumb/v7-m/nofp/crtn.o
                0x08004170                        . = ALIGN (0x4)
                0x08004170                        _etext = .

.vfp11_veneer   0x08004170        0x0
 .vfp11_veneer  0x08004170        0x0 linker stubs

.v4_bx          0x08004170        0x0
 .v4_bx         0x08004170        0x0 linker stubs

.iplt           0x08004170        0x0
 .iplt          0x08004170        0x0 /usr/lib/gcc/arm-none-eabi/12.2.1/thumb/v7-m/nofp/crtbegin.o

.rodata         0x08004170       0xb4
                0x08004170                        . = ALIGN (0x4)
 *(.rodata)
 *(.rodata*)
 .rodata.main.str1.4
                0x08004170       0x3c Debug/main.o
 .rodata.HAL_UART_RxCpltCallback.str1.4
                0x080041ac       0x16 Debug/main.o
 *fill*         0x080041c2        0x2 
 .rodata.APBPrescTable
                0x080041c4        0x8 Debug/system_stm32l1xx.o
                0x080041c4                APBPrescTable
 .rodata.AHBPrescTable
                0x080041cc       0x10 Debug/system_stm32l1xx.o
                0x080041cc                AHBPrescTable
 .rodata.PLLMulTable
                0x080041dc        0x9 Debug/system_stm32l1xx.o
                0x080041dc                PLLMulTable
 *fill*         0x080041e5        0x3 
 .rodata.str1.4
                0x080041e8       0x13 /usr/lib/gcc/arm-none-eabi/12.2.1/../../../arm-none-eabi/lib/thumb/v7-m/nofp/libc_nano.a(lib_a-nano-svfprintf.o)
 *fill*         0x080041fb        0x1 
 .rodata.str1.4
                0x080041fc       0x25 /usr/lib/gcc/arm-none-eabi/12.2.1/../../../arm-none-eabi/lib/thumb/v7-m/nofp/libc_nano.a(lib_a-nano-vfprintf_i.o)
                0x08004224                        . = ALIGN (0x4)
 *fill*         0x08004221        0x3 

.ARM.extab
 *(.ARM.extab* .gnu.linkonce.armextab.*)

.ARM            0x08004224        0x8
                0x08004224                        __exidx_start = .
 *(.ARM.exidx*)
 .ARM.exidx     0x08004224        0x8 /usr/lib/gcc/arm-none-eabi/12.2.1/thumb/v7-m/nofp/libgcc.a(_udivmoddi4.o)
                0x0800422c                        __exidx_end = .

.rel.dyn        0x0800422c        0x0
 .rel.iplt      0x0800422c        0x0 /usr/lib/gcc/arm-none-eabi/12.2.1/thumb/v7-m/nofp/crtbegin.o

.preinit_array  0x0800422c        0x0
                0x0800422c                        PROVIDE (__preinit_array_start = .)
 *(.preinit_array*)
                0x0800422c                        PROVIDE (__preinit_array_end = .)

.init_array     0x0800422c        0x4
                0x0800422c                        PROVIDE (__init_array_start = .)
 *(SORT_BY_NAME(.init_array.*))
 *(.init_array*)
 .init_array    0x0800422c        0x4 /usr/lib/gcc/arm-none-eabi/12.2.1/thumb/v7-m/nofp/crtbegin.o
                0x08004230                        PROVIDE (__init_array_end = .)

.fini_array     0x08004230        0x4
                0x08004230                        PROVIDE (__fini_array_start = .)
 *(SORT_BY_NAME(.fini_array.*))
 *(.fini_array*)
 .fini_array    0x08004230        0x4 /usr/lib/gcc/arm-none-eabi/12.2.1/thumb/v7-m/nofp/crtbegin.o
                0x08004234                        PROVIDE (__fini_array_end = .)
                0x08004234                        _sidata = LOADADDR (.data)

.data           0x20000000       0x70 load address 0x08004234
                0x20000000                        . = ALIGN (0x4)
                0x20000000                        _sdata = .
 *(.data)
 .data          0x20000000       0x64 /usr/lib/gcc/arm-none-eabi/12.2.1/../../../arm-none-eabi/lib/thumb/v7-m/nofp/libc_nano.a(lib_a-impure.o)
                0x20000000                _impure_ptr
 *(.data*)
 .data.uwTickFreq
                0x20000064        0x4 Debug/stm32l1xx_hal.o
                0x20000064                uwTickFreq
 .data.uwTickPrio
                0x20000068        0x4 Debug/stm32l1xx_hal.o
                0x20000068                uwTickPrio
 .data.SystemCoreClock
                0x2000006c        0x4 Debug/system_stm32l1xx.o
                0x2000006c                SystemCoreClock
                0x20000070                        . = ALIGN (0x4)
                0x20000070                        _edata = .

.tm_clone_table
                0x20000070        0x0 load address 0x080042a4
 .tm_clone_table
                0x20000070        0x0 /usr/lib/gcc/arm-none-eabi/12.2.1/thumb/v7-m/nofp/crtbegin.o
 .tm_clone_table
                0x20000070        0x0 /usr/lib/gcc/arm-none-eabi/12.2.1/thumb/v7-m/nofp/crtend.o

.igot.plt       0x20000070        0x0 load address 0x080042a4
 .igot.plt      0x20000070        0x0 /usr/lib/gcc/arm-none-eabi/12.2.1/thumb/v7-m/nofp/crtbegin.o
                0x20000070                        . = ALIGN (0x4)

.bss            0x20000070      0x288 load address 0x080042a4
                0x20000070                        _sbss = .
                0x20000070                        __bss_start__ = _sbss
 *(.bss)
 .bss           0x20000070       0x1c /usr/lib/gcc/arm-none-eabi/12.2.1/thumb/v7-m/nofp/crtbegin.o
 .bss           0x2000008c        0x8 /usr/lib/gcc/arm-none-eabi/12.2.1/../../../arm-none-eabi/lib/thumb/v7-m/nofp/libc_nano.a(lib_a-nano-mallocr.o)
                0x2000008c                __malloc_free_list
                0x20000090                __malloc_sbrk_start
 .bss           0x20000094        0x4 /usr/lib/gcc/arm-none-eabi/12.2.1/../../../arm-none-eabi/lib/thumb/v7-m/nofp/libc_nano.a(lib_a-reent.o)
                0x20000094                errno
 .bss           0x20000098        0x4 /usr/lib/gcc/arm-none-eabi/12.2.1/../../../arm-none-eabi/lib/thumb/v7-m/nofp/libnosys.a(sbrk.o)
 *(.bss*)
 .bss.error     0x2000009c        0x1 Debug/main.o
                0x2000009c                error
 *fill*         0x2000009d        0x3 
 .bss.UARTcmd_rxBuffer
                0x200000a0       0x40 Debug/main.o
                0x200000a0                UARTcmd_rxBuffer
 .bss.UARTcmd_txBuffer
                0x200000e0      0x100 Debug/main.o
                0x200000e0                UARTcmd_txBuffer
 .bss._fw_target_speed
                0x200001e0        0x4 Debug/main.o
                0x200001e0                _fw_target_speed
 .bss._fw_status
                0x200001e4        0x4 Debug/main.o
                0x200001e4                _fw_status
 .bss._fw_mode  0x200001e8        0x4 Debug/main.o
                0x200001e8                _fw_mode
 .bss.huart2    0x200001ec       0x48 Debug/main.o
                0x200001ec                huart2
 .bss.htim11    0x20000234       0x40 Debug/main.o
                0x20000234                htim11
 .bss.htim7     0x20000274       0x40 Debug/main.o
                0x20000274                htim7
 .bss.htim6     0x200002b4       0x40 Debug/main.o
                0x200002b4                htim6
 .bss.uwTick    0x200002f4        0x4 Debug/stm32l1xx_hal.o
                0x200002f4                uwTick
 *(COMMON)
                0x200002f8                        . = ALIGN (0x4)
                0x200002f8                        _ebss = .
                0x200002f8                        __bss_end__ = _ebss

._user_heap_stack
                0x200002f8      0x400 load address 0x080042a4
                0x200002f8                        . = ALIGN (0x8)
                0x200002f8                        PROVIDE (end = .)
                [!provide]                        PROVIDE (_end = .)
                0x200002f8                        . = (. + _Min_Heap_Size)
                0x200006f8                        . = (. + _Min_Stack_Size)
 *fill*         0x200002f8      0x400 
                0x200006f8                        . = ALIGN (0x8)

/DISCARD/
 libc.a(*)
 libm.a(*)
 libgcc.a(*)

.ARM.attributes
                0x00000000       0x29
 *(.ARM.attributes)
 .ARM.attributes
                0x00000000       0x1d /usr/lib/gcc/arm-none-eabi/12.2.1/thumb/v7-m/nofp/crti.o
 .ARM.attributes
                0x0000001d       0x2d /usr/lib/gcc/arm-none-eabi/12.2.1/thumb/v7-m/nofp/crtbegin.o
 .ARM.attributes
                0x0000004a       0x2d Debug/main.o
 .ARM.attributes
                0x00000077       0x2d Debug/stm32l1xx_it.o
 .ARM.attributes
                0x000000a4       0x2d Debug/stm32l1xx_hal_msp.o
 .ARM.attributes
                0x000000d1       0x2d Debug/stm32l1xx_hal_tim.o
 .ARM.attributes
                0x000000fe       0x2d Debug/stm32l1xx_hal_tim_ex.o
 .ARM.attributes
                0x0000012b       0x2d Debug/stm32l1xx_hal.o
 .ARM.attributes
                0x00000158       0x2d Debug/stm32l1xx_hal_rcc.o
 .ARM.attributes
                0x00000185       0x2d Debug/stm32l1xx_hal_gpio.o
 .ARM.attributes
                0x000001b2       0x2d Debug/stm32l1xx_hal_dma.o
 .ARM.attributes
                0x000001df       0x2d Debug/stm32l1xx_hal_cortex.o
 .ARM.attributes
                0x0000020c       0x2d Debug/stm32l1xx_hal_uart.o
 .ARM.attributes
                0x00000239       0x2d Debug/system_stm32l1xx.o
 .ARM.attributes
                0x00000266       0x21 Debug/startup_stm32l152xe.o
 .ARM.attributes
                0x00000287       0x2d /usr/lib/gcc/arm-none-eabi/12.2.1/../../../arm-none-eabi/lib/thumb/v7-m/nofp/libc_nano.a(lib_a-impure.o)
 .ARM.attributes
                0x000002b4       0x2d /usr/lib/gcc/arm-none-eabi/12.2.1/../../../arm-none-eabi/lib/thumb/v7-m/nofp/libc_nano.a(lib_a-init.o)
 .ARM.attributes
                0x000002e1       0x2d /usr/lib/gcc/arm-none-eabi/12.2.1/../../../arm-none-eabi/lib/thumb/v7-m/nofp/libc_nano.a(lib_a-memset.o)
 .ARM.attributes
                0x0000030e       0x2d /usr/lib/gcc/arm-none-eabi/12.2.1/../../../arm-none-eabi/lib/thumb/v7-m/nofp/libc_nano.a(lib_a-sprintf.o)
 .ARM.attributes
                0x0000033b       0x2d /usr/lib/gcc/arm-none-eabi/12.2.1/../../../arm-none-eabi/lib/thumb/v7-m/nofp/libc_nano.a(lib_a-nano-svfprintf.o)
 .ARM.attributes
                0x00000368       0x2d /usr/lib/gcc/arm-none-eabi/12.2.1/../../../arm-none-eabi/lib/thumb/v7-m/nofp/libc_nano.a(lib_a-nano-vfprintf_i.o)
 .ARM.attributes
                0x00000395       0x2d /usr/lib/gcc/arm-none-eabi/12.2.1/../../../arm-none-eabi/lib/thumb/v7-m/nofp/libc_nano.a(lib_a-memchr-stub.o)
 .ARM.attributes
                0x000003c2       0x1b /usr/lib/gcc/arm-none-eabi/12.2.1/../../../arm-none-eabi/lib/thumb/v7-m/nofp/libc_nano.a(lib_a-memcpy.o)
 .ARM.attributes
                0x000003dd       0x2d /usr/lib/gcc/arm-none-eabi/12.2.1/../../../arm-none-eabi/lib/thumb/v7-m/nofp/libc_nano.a(lib_a-memmove.o)
 .ARM.attributes
                0x0000040a       0x2d /usr/lib/gcc/arm-none-eabi/12.2.1/../../../arm-none-eabi/lib/thumb/v7-m/nofp/libc_nano.a(lib_a-nano-freer.o)
 .ARM.attributes
                0x00000437       0x2d /usr/lib/gcc/arm-none-eabi/12.2.1/../../../arm-none-eabi/lib/thumb/v7-m/nofp/libc_nano.a(lib_a-nano-mallocr.o)
 .ARM.attributes
                0x00000464       0x2d /usr/lib/gcc/arm-none-eabi/12.2.1/../../../arm-none-eabi/lib/thumb/v7-m/nofp/libc_nano.a(lib_a-nano-reallocr.o)
 .ARM.attributes
                0x00000491       0x2d /usr/lib/gcc/arm-none-eabi/12.2.1/../../../arm-none-eabi/lib/thumb/v7-m/nofp/libc_nano.a(lib_a-sbrkr.o)
 .ARM.attributes
                0x000004be       0x2d /usr/lib/gcc/arm-none-eabi/12.2.1/../../../arm-none-eabi/lib/thumb/v7-m/nofp/libc_nano.a(lib_a-mlock.o)
 .ARM.attributes
                0x000004eb       0x2d /usr/lib/gcc/arm-none-eabi/12.2.1/../../../arm-none-eabi/lib/thumb/v7-m/nofp/libc_nano.a(lib_a-nano-msizer.o)
 .ARM.attributes
                0x00000518       0x2d /usr/lib/gcc/arm-none-eabi/12.2.1/../../../arm-none-eabi/lib/thumb/v7-m/nofp/libc_nano.a(lib_a-reent.o)
 .ARM.attributes
                0x00000545       0x2d /usr/lib/gcc/arm-none-eabi/12.2.1/../../../arm-none-eabi/lib/thumb/v7-m/nofp/libnosys.a(sbrk.o)
 .ARM.attributes
                0x00000572       0x1d /usr/lib/gcc/arm-none-eabi/12.2.1/thumb/v7-m/nofp/libgcc.a(_arm_muldf3.o)
 .ARM.attributes
                0x0000058f       0x1d /usr/lib/gcc/arm-none-eabi/12.2.1/thumb/v7-m/nofp/libgcc.a(_arm_addsubdf3.o)
 .ARM.attributes
                0x000005ac       0x1d /usr/lib/gcc/arm-none-eabi/12.2.1/thumb/v7-m/nofp/libgcc.a(_arm_fixunsdfsi.o)
 .ARM.attributes
                0x000005c9       0x1d /usr/lib/gcc/arm-none-eabi/12.2.1/thumb/v7-m/nofp/libgcc.a(_arm_addsubsf3.o)
 .ARM.attributes
                0x000005e6       0x1d /usr/lib/gcc/arm-none-eabi/12.2.1/thumb/v7-m/nofp/libgcc.a(_arm_muldivsf3.o)
 .ARM.attributes
                0x00000603       0x1d /usr/lib/gcc/arm-none-eabi/12.2.1/thumb/v7-m/nofp/libgcc.a(_arm_cmpsf2.o)
 .ARM.attributes
                0x00000620       0x1d /usr/lib/gcc/arm-none-eabi/12.2.1/thumb/v7-m/nofp/libgcc.a(_arm_fixunssfsi.o)
 .ARM.attributes
                0x0000063d       0x1d /usr/lib/gcc/arm-none-eabi/12.2.1/thumb/v7-m/nofp/libgcc.a(_aeabi_uldivmod.o)
 .ARM.attributes
                0x0000065a       0x2d /usr/lib/gcc/arm-none-eabi/12.2.1/thumb/v7-m/nofp/libgcc.a(_udivmoddi4.o)
 .ARM.attributes
                0x00000687       0x1d /usr/lib/gcc/arm-none-eabi/12.2.1/thumb/v7-m/nofp/libgcc.a(_dvmd_tls.o)
 .ARM.attributes
                0x000006a4       0x2d /usr/lib/gcc/arm-none-eabi/12.2.1/thumb/v7-m/nofp/crtend.o
 .ARM.attributes
                0x000006d1       0x1d /usr/lib/gcc/arm-none-eabi/12.2.1/thumb/v7-m/nofp/crtn.o
OUTPUT(Debug/Brushless_Controller.elf elf32-littlearm)
LOAD linker stubs
LOAD /usr/lib/gcc/arm-none-eabi/12.2.1/../../../arm-none-eabi/lib/thumb/v7-m/nofp/libc.a
LOAD /usr/lib/gcc/arm-none-eabi/12.2.1/../../../arm-none-eabi/lib/thumb/v7-m/nofp/libm.a
LOAD /usr/lib/gcc/arm-none-eabi/12.2.1/thumb/v7-m/nofp/libgcc.a

.comment        0x00000000       0x59
 .comment       0x00000000       0x26 /usr/lib/gcc/arm-none-eabi/12.2.1/thumb/v7-m/nofp/crtbegin.o
                                 0x27 (size before relaxing)
 .comment       0x00000026       0x27 Debug/main.o
 .comment       0x00000026       0x27 Debug/stm32l1xx_it.o
 .comment       0x00000026       0x27 Debug/stm32l1xx_hal_msp.o
 .comment       0x00000026       0x27 Debug/stm32l1xx_hal_tim.o
 .comment       0x00000026       0x27 Debug/stm32l1xx_hal_tim_ex.o
 .comment       0x00000026       0x27 Debug/stm32l1xx_hal.o
 .comment       0x00000026       0x27 Debug/stm32l1xx_hal_rcc.o
 .comment       0x00000026       0x27 Debug/stm32l1xx_hal_gpio.o
 .comment       0x00000026       0x27 Debug/stm32l1xx_hal_dma.o
 .comment       0x00000026       0x27 Debug/stm32l1xx_hal_cortex.o
 .comment       0x00000026       0x27 Debug/stm32l1xx_hal_uart.o
 .comment       0x00000026       0x27 Debug/system_stm32l1xx.o
 .comment       0x00000026       0x33 /usr/lib/gcc/arm-none-eabi/12.2.1/../../../arm-none-eabi/lib/thumb/v7-m/nofp/libc_nano.a(lib_a-impure.o)
                                 0x34 (size before relaxing)
 .comment       0x00000059       0x34 /usr/lib/gcc/arm-none-eabi/12.2.1/../../../arm-none-eabi/lib/thumb/v7-m/nofp/libc_nano.a(lib_a-init.o)
 .comment       0x00000059       0x34 /usr/lib/gcc/arm-none-eabi/12.2.1/../../../arm-none-eabi/lib/thumb/v7-m/nofp/libc_nano.a(lib_a-memset.o)
 .comment       0x00000059       0x34 /usr/lib/gcc/arm-none-eabi/12.2.1/../../../arm-none-eabi/lib/thumb/v7-m/nofp/libc_nano.a(lib_a-sprintf.o)
 .comment       0x00000059       0x34 /usr/lib/gcc/arm-none-eabi/12.2.1/../../../arm-none-eabi/lib/thumb/v7-m/nofp/libc_nano.a(lib_a-nano-svfprintf.o)
 .comment       0x00000059       0x34 /usr/lib/gcc/arm-none-eabi/12.2.1/../../../arm-none-eabi/lib/thumb/v7-m/nofp/libc_nano.a(lib_a-nano-vfprintf_i.o)
 .comment       0x00000059       0x34 /usr/lib/gcc/arm-none-eabi/12.2.1/../../../arm-none-eabi/lib/thumb/v7-m/nofp/libc_nano.a(lib_a-memchr-stub.o)
 .comment       0x00000059       0x34 /usr/lib/gcc/arm-none-eabi/12.2.1/../../../arm-none-eabi/lib/thumb/v7-m/nofp/libc_nano.a(lib_a-memmove.o)
 .comment       0x00000059       0x34 /usr/lib/gcc/arm-none-eabi/12.2.1/../../../arm-none-eabi/lib/thumb/v7-m/nofp/libc_nano.a(lib_a-nano-freer.o)
 .comment       0x00000059       0x34 /usr/lib/gcc/arm-none-eabi/12.2.1/../../../arm-none-eabi/lib/thumb/v7-m/nofp/libc_nano.a(lib_a-nano-mallocr.o)
 .comment       0x00000059       0x34 /usr/lib/gcc/arm-none-eabi/12.2.1/../../../arm-none-eabi/lib/thumb/v7-m/nofp/libc_nano.a(lib_a-nano-reallocr.o)
 .comment       0x00000059       0x34 /usr/lib/gcc/arm-none-eabi/12.2.1/../../../arm-none-eabi/lib/thumb/v7-m/nofp/libc_nano.a(lib_a-sbrkr.o)
 .comment       0x00000059       0x34 /usr/lib/gcc/arm-none-eabi/12.2.1/../../../arm-none-eabi/lib/thumb/v7-m/nofp/libc_nano.a(lib_a-mlock.o)
 .comment       0x00000059       0x34 /usr/lib/gcc/arm-none-eabi/12.2.1/../../../arm-none-eabi/lib/thumb/v7-m/nofp/libc_nano.a(lib_a-nano-msizer.o)
 .comment       0x00000059       0x34 /usr/lib/gcc/arm-none-eabi/12.2.1/../../../arm-none-eabi/lib/thumb/v7-m/nofp/libc_nano.a(lib_a-reent.o)
 .comment       0x00000059       0x34 /usr/lib/gcc/arm-none-eabi/12.2.1/../../../arm-none-eabi/lib/thumb/v7-m/nofp/libnosys.a(sbrk.o)
 .comment       0x00000059       0x27 /usr/lib/gcc/arm-none-eabi/12.2.1/thumb/v7-m/nofp/libgcc.a(_udivmoddi4.o)
 .comment       0x00000059       0x27 /usr/lib/gcc/arm-none-eabi/12.2.1/thumb/v7-m/nofp/crtend.o

.debug_info     0x00000000    0x17b75
 .debug_info    0x00000000     0x1d66 Debug/main.o
 .debug_info    0x00001d66      0xb01 Debug/stm32l1xx_it.o
 .debug_info    0x00002867     0x10e9 Debug/stm32l1xx_hal_msp.o
 .debug_info    0x00003950     0x3e45 Debug/stm32l1xx_hal_tim.o
 .debug_info    0x00007795      0x780 Debug/stm32l1xx_hal_tim_ex.o
 .debug_info    0x00007f15      0x869 Debug/stm32l1xx_hal.o
 .debug_info    0x0000877e      0xcf3 Debug/stm32l1xx_hal_rcc.o
 .debug_info    0x00009471      0x6cd Debug/stm32l1xx_hal_gpio.o
 .debug_info    0x00009b3e      0x8a0 Debug/stm32l1xx_hal_dma.o
 .debug_info    0x0000a3de     0x10a1 Debug/stm32l1xx_hal_cortex.o
 .debug_info    0x0000b47f     0x43b6 Debug/stm32l1xx_hal_uart.o
 .debug_info    0x0000f835      0x2d4 Debug/system_stm32l1xx.o
 .debug_info    0x0000fb09       0x30 Debug/startup_stm32l152xe.o
 .debug_info    0x0000fb39      0x863 /usr/lib/gcc/arm-none-eabi/12.2.1/../../../arm-none-eabi/lib/thumb/v7-m/nofp/libc_nano.a(lib_a-impure.o)
 .debug_info    0x0001039c      0x11a /usr/lib/gcc/arm-none-eabi/12.2.1/../../../arm-none-eabi/lib/thumb/v7-m/nofp/libc_nano.a(lib_a-init.o)
 .debug_info    0x000104b6      0x137 /usr/lib/gcc/arm-none-eabi/12.2.1/../../../arm-none-eabi/lib/thumb/v7-m/nofp/libc_nano.a(lib_a-memset.o)
 .debug_info    0x000105ed      0x926 /usr/lib/gcc/arm-none-eabi/12.2.1/../../../arm-none-eabi/lib/thumb/v7-m/nofp/libc_nano.a(lib_a-sprintf.o)
 .debug_info    0x00010f13     0x10d5 /usr/lib/gcc/arm-none-eabi/12.2.1/../../../arm-none-eabi/lib/thumb/v7-m/nofp/libc_nano.a(lib_a-nano-svfprintf.o)
 .debug_info    0x00011fe8      0xe9e /usr/lib/gcc/arm-none-eabi/12.2.1/../../../arm-none-eabi/lib/thumb/v7-m/nofp/libc_nano.a(lib_a-nano-vfprintf_i.o)
 .debug_info    0x00012e86      0x14e /usr/lib/gcc/arm-none-eabi/12.2.1/../../../arm-none-eabi/lib/thumb/v7-m/nofp/libc_nano.a(lib_a-memchr-stub.o)
 .debug_info    0x00012fd4       0x26 /usr/lib/gcc/arm-none-eabi/12.2.1/../../../arm-none-eabi/lib/thumb/v7-m/nofp/libc_nano.a(lib_a-memcpy.o)
 .debug_info    0x00012ffa      0x152 /usr/lib/gcc/arm-none-eabi/12.2.1/../../../arm-none-eabi/lib/thumb/v7-m/nofp/libc_nano.a(lib_a-memmove.o)
 .debug_info    0x0001314c      0x940 /usr/lib/gcc/arm-none-eabi/12.2.1/../../../arm-none-eabi/lib/thumb/v7-m/nofp/libc_nano.a(lib_a-nano-freer.o)
 .debug_info    0x00013a8c      0xa0c /usr/lib/gcc/arm-none-eabi/12.2.1/../../../arm-none-eabi/lib/thumb/v7-m/nofp/libc_nano.a(lib_a-nano-mallocr.o)
 .debug_info    0x00014498      0x911 /usr/lib/gcc/arm-none-eabi/12.2.1/../../../arm-none-eabi/lib/thumb/v7-m/nofp/libc_nano.a(lib_a-nano-reallocr.o)
 .debug_info    0x00014da9      0x828 /usr/lib/gcc/arm-none-eabi/12.2.1/../../../arm-none-eabi/lib/thumb/v7-m/nofp/libc_nano.a(lib_a-sbrkr.o)
 .debug_info    0x000155d1      0x7dc /usr/lib/gcc/arm-none-eabi/12.2.1/../../../arm-none-eabi/lib/thumb/v7-m/nofp/libc_nano.a(lib_a-mlock.o)
 .debug_info    0x00015dad      0x840 /usr/lib/gcc/arm-none-eabi/12.2.1/../../../arm-none-eabi/lib/thumb/v7-m/nofp/libc_nano.a(lib_a-nano-msizer.o)
 .debug_info    0x000165ed      0xa7e /usr/lib/gcc/arm-none-eabi/12.2.1/../../../arm-none-eabi/lib/thumb/v7-m/nofp/libc_nano.a(lib_a-reent.o)
 .debug_info    0x0001706b       0x9d /usr/lib/gcc/arm-none-eabi/12.2.1/../../../arm-none-eabi/lib/thumb/v7-m/nofp/libnosys.a(sbrk.o)
 .debug_info    0x00017108       0x3c /usr/lib/gcc/arm-none-eabi/12.2.1/thumb/v7-m/nofp/libgcc.a(_arm_muldf3.o)
 .debug_info    0x00017144       0xb6 /usr/lib/gcc/arm-none-eabi/12.2.1/thumb/v7-m/nofp/libgcc.a(_arm_addsubdf3.o)
 .debug_info    0x000171fa       0x39 /usr/lib/gcc/arm-none-eabi/12.2.1/thumb/v7-m/nofp/libgcc.a(_arm_fixunsdfsi.o)
 .debug_info    0x00017233       0xaf /usr/lib/gcc/arm-none-eabi/12.2.1/thumb/v7-m/nofp/libgcc.a(_arm_addsubsf3.o)
 .debug_info    0x000172e2       0x52 /usr/lib/gcc/arm-none-eabi/12.2.1/thumb/v7-m/nofp/libgcc.a(_arm_muldivsf3.o)
 .debug_info    0x00017334       0xbc /usr/lib/gcc/arm-none-eabi/12.2.1/thumb/v7-m/nofp/libgcc.a(_arm_cmpsf2.o)
 .debug_info    0x000173f0       0x39 /usr/lib/gcc/arm-none-eabi/12.2.1/thumb/v7-m/nofp/libgcc.a(_arm_fixunssfsi.o)
 .debug_info    0x00017429       0x24 /usr/lib/gcc/arm-none-eabi/12.2.1/thumb/v7-m/nofp/libgcc.a(_aeabi_uldivmod.o)
 .debug_info    0x0001744d      0x6ef /usr/lib/gcc/arm-none-eabi/12.2.1/thumb/v7-m/nofp/libgcc.a(_udivmoddi4.o)
 .debug_info    0x00017b3c       0x39 /usr/lib/gcc/arm-none-eabi/12.2.1/thumb/v7-m/nofp/libgcc.a(_dvmd_tls.o)

.debug_abbrev   0x00000000     0x3ae6
 .debug_abbrev  0x00000000      0x37d Debug/main.o
 .debug_abbrev  0x0000037d      0x1ae Debug/stm32l1xx_it.o
 .debug_abbrev  0x0000052b      0x23a Debug/stm32l1xx_hal_msp.o
 .debug_abbrev  0x00000765      0x2a8 Debug/stm32l1xx_hal_tim.o
 .debug_abbrev  0x00000a0d      0x190 Debug/stm32l1xx_hal_tim_ex.o
 .debug_abbrev  0x00000b9d      0x28a Debug/stm32l1xx_hal.o
 .debug_abbrev  0x00000e27      0x2fc Debug/stm32l1xx_hal_rcc.o
 .debug_abbrev  0x00001123      0x22b Debug/stm32l1xx_hal_gpio.o
 .debug_abbrev  0x0000134e      0x258 Debug/stm32l1xx_hal_dma.o
 .debug_abbrev  0x000015a6      0x3d3 Debug/stm32l1xx_hal_cortex.o
 .debug_abbrev  0x00001979      0x35f Debug/stm32l1xx_hal_uart.o
 .debug_abbrev  0x00001cd8      0x11b Debug/system_stm32l1xx.o
 .debug_abbrev  0x00001df3       0x1d Debug/startup_stm32l152xe.o
 .debug_abbrev  0x00001e10      0x151 /usr/lib/gcc/arm-none-eabi/12.2.1/../../../arm-none-eabi/lib/thumb/v7-m/nofp/libc_nano.a(lib_a-impure.o)
 .debug_abbrev  0x00001f61       0xcc /usr/lib/gcc/arm-none-eabi/12.2.1/../../../arm-none-eabi/lib/thumb/v7-m/nofp/libc_nano.a(lib_a-init.o)
 .debug_abbrev  0x0000202d       0xb4 /usr/lib/gcc/arm-none-eabi/12.2.1/../../../arm-none-eabi/lib/thumb/v7-m/nofp/libc_nano.a(lib_a-memset.o)
 .debug_abbrev  0x000020e1      0x213 /usr/lib/gcc/arm-none-eabi/12.2.1/../../../arm-none-eabi/lib/thumb/v7-m/nofp/libc_nano.a(lib_a-sprintf.o)
 .debug_abbrev  0x000022f4      0x2ca /usr/lib/gcc/arm-none-eabi/12.2.1/../../../arm-none-eabi/lib/thumb/v7-m/nofp/libc_nano.a(lib_a-nano-svfprintf.o)
 .debug_abbrev  0x000025be      0x25c /usr/lib/gcc/arm-none-eabi/12.2.1/../../../arm-none-eabi/lib/thumb/v7-m/nofp/libc_nano.a(lib_a-nano-vfprintf_i.o)
 .debug_abbrev  0x0000281a       0xd4 /usr/lib/gcc/arm-none-eabi/12.2.1/../../../arm-none-eabi/lib/thumb/v7-m/nofp/libc_nano.a(lib_a-memchr-stub.o)
 .debug_abbrev  0x000028ee       0x14 /usr/lib/gcc/arm-none-eabi/12.2.1/../../../arm-none-eabi/lib/thumb/v7-m/nofp/libc_nano.a(lib_a-memcpy.o)
 .debug_abbrev  0x00002902       0xc0 /usr/lib/gcc/arm-none-eabi/12.2.1/../../../arm-none-eabi/lib/thumb/v7-m/nofp/libc_nano.a(lib_a-memmove.o)
 .debug_abbrev  0x000029c2      0x245 /usr/lib/gcc/arm-none-eabi/12.2.1/../../../arm-none-eabi/lib/thumb/v7-m/nofp/libc_nano.a(lib_a-nano-freer.o)
 .debug_abbrev  0x00002c07      0x290 /usr/lib/gcc/arm-none-eabi/12.2.1/../../../arm-none-eabi/lib/thumb/v7-m/nofp/libc_nano.a(lib_a-nano-mallocr.o)
 .debug_abbrev  0x00002e97      0x1d6 /usr/lib/gcc/arm-none-eabi/12.2.1/../../../arm-none-eabi/lib/thumb/v7-m/nofp/libc_nano.a(lib_a-nano-reallocr.o)
 .debug_abbrev  0x0000306d      0x1d6 /usr/lib/gcc/arm-none-eabi/12.2.1/../../../arm-none-eabi/lib/thumb/v7-m/nofp/libc_nano.a(lib_a-sbrkr.o)
 .debug_abbrev  0x00003243      0x189 /usr/lib/gcc/arm-none-eabi/12.2.1/../../../arm-none-eabi/lib/thumb/v7-m/nofp/libc_nano.a(lib_a-mlock.o)
 .debug_abbrev  0x000033cc      0x191 /usr/lib/gcc/arm-none-eabi/12.2.1/../../../arm-none-eabi/lib/thumb/v7-m/nofp/libc_nano.a(lib_a-nano-msizer.o)
 .debug_abbrev  0x0000355d      0x265 /usr/lib/gcc/arm-none-eabi/12.2.1/../../../arm-none-eabi/lib/thumb/v7-m/nofp/libc_nano.a(lib_a-reent.o)
 .debug_abbrev  0x000037c2       0xa2 /usr/lib/gcc/arm-none-eabi/12.2.1/../../../arm-none-eabi/lib/thumb/v7-m/nofp/libnosys.a(sbrk.o)
 .debug_abbrev  0x00003864       0x1f /usr/lib/gcc/arm-none-eabi/12.2.1/thumb/v7-m/nofp/libgcc.a(_arm_muldf3.o)
 .debug_abbrev  0x00003883       0x21 /usr/lib/gcc/arm-none-eabi/12.2.1/thumb/v7-m/nofp/libgcc.a(_arm_addsubdf3.o)
 .debug_abbrev  0x000038a4       0x21 /usr/lib/gcc/arm-none-eabi/12.2.1/thumb/v7-m/nofp/libgcc.a(_arm_fixunsdfsi.o)
 .debug_abbrev  0x000038c5       0x21 /usr/lib/gcc/arm-none-eabi/12.2.1/thumb/v7-m/nofp/libgcc.a(_arm_addsubsf3.o)
 .debug_abbrev  0x000038e6       0x21 /usr/lib/gcc/arm-none-eabi/12.2.1/thumb/v7-m/nofp/libgcc.a(_arm_muldivsf3.o)
 .debug_abbrev  0x00003907       0x21 /usr/lib/gcc/arm-none-eabi/12.2.1/thumb/v7-m/nofp/libgcc.a(_arm_cmpsf2.o)
 .debug_abbrev  0x00003928       0x21 /usr/lib/gcc/arm-none-eabi/12.2.1/thumb/v7-m/nofp/libgcc.a(_arm_fixunssfsi.o)
 .debug_abbrev  0x00003949       0x14 /usr/lib/gcc/arm-none-eabi/12.2.1/thumb/v7-m/nofp/libgcc.a(_aeabi_uldivmod.o)
 .debug_abbrev  0x0000395d      0x16a /usr/lib/gcc/arm-none-eabi/12.2.1/thumb/v7-m/nofp/libgcc.a(_udivmoddi4.o)
 .debug_abbrev  0x00003ac7       0x1f /usr/lib/gcc/arm-none-eabi/12.2.1/thumb/v7-m/nofp/libgcc.a(_dvmd_tls.o)

.debug_loc      0x00000000     0xf1c7
 .debug_loc     0x00000000      0x4c4 Debug/main.o
 .debug_loc     0x000004c4       0xa0 Debug/stm32l1xx_it.o
 .debug_loc     0x00000564      0x2f4 Debug/stm32l1xx_hal_msp.o
 .debug_loc     0x00000858     0x54b7 Debug/stm32l1xx_hal_tim.o
 .debug_loc     0x00005d0f      0x130 Debug/stm32l1xx_hal_tim_ex.o
 .debug_loc     0x00005e3f      0x26d Debug/stm32l1xx_hal.o
 .debug_loc     0x000060ac      0x8b4 Debug/stm32l1xx_hal_rcc.o
 .debug_loc     0x00006960      0x4d6 Debug/stm32l1xx_hal_gpio.o
 .debug_loc     0x00006e36      0x8eb Debug/stm32l1xx_hal_dma.o
 .debug_loc     0x00007721      0x7a7 Debug/stm32l1xx_hal_cortex.o
 .debug_loc     0x00007ec8     0x4ece Debug/stm32l1xx_hal_uart.o
 .debug_loc     0x0000cd96      0x1d6 Debug/system_stm32l1xx.o
 .debug_loc     0x0000cf6c       0xba /usr/lib/gcc/arm-none-eabi/12.2.1/../../../arm-none-eabi/lib/thumb/v7-m/nofp/libc_nano.a(lib_a-init.o)
 .debug_loc     0x0000d026      0x22c /usr/lib/gcc/arm-none-eabi/12.2.1/../../../arm-none-eabi/lib/thumb/v7-m/nofp/libc_nano.a(lib_a-memset.o)
 .debug_loc     0x0000d252       0xb3 /usr/lib/gcc/arm-none-eabi/12.2.1/../../../arm-none-eabi/lib/thumb/v7-m/nofp/libc_nano.a(lib_a-sprintf.o)
 .debug_loc     0x0000d305      0x84a /usr/lib/gcc/arm-none-eabi/12.2.1/../../../arm-none-eabi/lib/thumb/v7-m/nofp/libc_nano.a(lib_a-nano-svfprintf.o)
 .debug_loc     0x0000db4f      0x6c8 /usr/lib/gcc/arm-none-eabi/12.2.1/../../../arm-none-eabi/lib/thumb/v7-m/nofp/libc_nano.a(lib_a-nano-vfprintf_i.o)
 .debug_loc     0x0000e217      0x1f6 /usr/lib/gcc/arm-none-eabi/12.2.1/../../../arm-none-eabi/lib/thumb/v7-m/nofp/libc_nano.a(lib_a-memchr-stub.o)
 .debug_loc     0x0000e40d      0x331 /usr/lib/gcc/arm-none-eabi/12.2.1/../../../arm-none-eabi/lib/thumb/v7-m/nofp/libc_nano.a(lib_a-memmove.o)
 .debug_loc     0x0000e73e      0x27f /usr/lib/gcc/arm-none-eabi/12.2.1/../../../arm-none-eabi/lib/thumb/v7-m/nofp/libc_nano.a(lib_a-nano-freer.o)
 .debug_loc     0x0000e9bd      0x3da /usr/lib/gcc/arm-none-eabi/12.2.1/../../../arm-none-eabi/lib/thumb/v7-m/nofp/libc_nano.a(lib_a-nano-mallocr.o)
 .debug_loc     0x0000ed97      0x133 /usr/lib/gcc/arm-none-eabi/12.2.1/../../../arm-none-eabi/lib/thumb/v7-m/nofp/libc_nano.a(lib_a-nano-reallocr.o)
 .debug_loc     0x0000eeca       0x6c /usr/lib/gcc/arm-none-eabi/12.2.1/../../../arm-none-eabi/lib/thumb/v7-m/nofp/libc_nano.a(lib_a-sbrkr.o)
 .debug_loc     0x0000ef36       0x86 /usr/lib/gcc/arm-none-eabi/12.2.1/../../../arm-none-eabi/lib/thumb/v7-m/nofp/libc_nano.a(lib_a-nano-msizer.o)
 .debug_loc     0x0000efbc      0x1cd /usr/lib/gcc/arm-none-eabi/12.2.1/../../../arm-none-eabi/lib/thumb/v7-m/nofp/libc_nano.a(lib_a-reent.o)
 .debug_loc     0x0000f189       0x3e /usr/lib/gcc/arm-none-eabi/12.2.1/../../../arm-none-eabi/lib/thumb/v7-m/nofp/libnosys.a(sbrk.o)

.debug_aranges  0x00000000      0xe38
 .debug_aranges
                0x00000000       0x98 Debug/main.o
 .debug_aranges
                0x00000098       0x80 Debug/stm32l1xx_it.o
 .debug_aranges
                0x00000118       0x58 Debug/stm32l1xx_hal_msp.o
 .debug_aranges
                0x00000170      0x3d0 Debug/stm32l1xx_hal_tim.o
 .debug_aranges
                0x00000540       0x28 Debug/stm32l1xx_hal_tim_ex.o
 .debug_aranges
                0x00000568       0xe0 Debug/stm32l1xx_hal.o
 .debug_aranges
                0x00000648       0x90 Debug/stm32l1xx_hal_rcc.o
 .debug_aranges
                0x000006d8       0x58 Debug/stm32l1xx_hal_gpio.o
 .debug_aranges
                0x00000730       0x80 Debug/stm32l1xx_hal_dma.o
 .debug_aranges
                0x000007b0       0xd8 Debug/stm32l1xx_hal_cortex.o
 .debug_aranges
                0x00000888      0x208 Debug/stm32l1xx_hal_uart.o
 .debug_aranges
                0x00000a90       0x28 Debug/system_stm32l1xx.o
 .debug_aranges
                0x00000ab8       0x28 Debug/startup_stm32l152xe.o
 .debug_aranges
                0x00000ae0       0x18 /usr/lib/gcc/arm-none-eabi/12.2.1/../../../arm-none-eabi/lib/thumb/v7-m/nofp/libc_nano.a(lib_a-impure.o)
 .debug_aranges
                0x00000af8       0x20 /usr/lib/gcc/arm-none-eabi/12.2.1/../../../arm-none-eabi/lib/thumb/v7-m/nofp/libc_nano.a(lib_a-init.o)
 .debug_aranges
                0x00000b18       0x20 /usr/lib/gcc/arm-none-eabi/12.2.1/../../../arm-none-eabi/lib/thumb/v7-m/nofp/libc_nano.a(lib_a-memset.o)
 .debug_aranges
                0x00000b38       0x20 /usr/lib/gcc/arm-none-eabi/12.2.1/../../../arm-none-eabi/lib/thumb/v7-m/nofp/libc_nano.a(lib_a-sprintf.o)
 .debug_aranges
                0x00000b58       0x20 /usr/lib/gcc/arm-none-eabi/12.2.1/../../../arm-none-eabi/lib/thumb/v7-m/nofp/libc_nano.a(lib_a-nano-svfprintf.o)
 .debug_aranges
                0x00000b78       0x20 /usr/lib/gcc/arm-none-eabi/12.2.1/../../../arm-none-eabi/lib/thumb/v7-m/nofp/libc_nano.a(lib_a-nano-vfprintf_i.o)
 .debug_aranges
                0x00000b98       0x20 /usr/lib/gcc/arm-none-eabi/12.2.1/../../../arm-none-eabi/lib/thumb/v7-m/nofp/libc_nano.a(lib_a-memchr-stub.o)
 .debug_aranges
                0x00000bb8       0x20 /usr/lib/gcc/arm-none-eabi/12.2.1/../../../arm-none-eabi/lib/thumb/v7-m/nofp/libc_nano.a(lib_a-memcpy.o)
 .debug_aranges
                0x00000bd8       0x20 /usr/lib/gcc/arm-none-eabi/12.2.1/../../../arm-none-eabi/lib/thumb/v7-m/nofp/libc_nano.a(lib_a-memmove.o)
 .debug_aranges
                0x00000bf8       0x20 /usr/lib/gcc/arm-none-eabi/12.2.1/../../../arm-none-eabi/lib/thumb/v7-m/nofp/libc_nano.a(lib_a-nano-freer.o)
 .debug_aranges
                0x00000c18       0x20 /usr/lib/gcc/arm-none-eabi/12.2.1/../../../arm-none-eabi/lib/thumb/v7-m/nofp/libc_nano.a(lib_a-nano-mallocr.o)
 .debug_aranges
                0x00000c38       0x20 /usr/lib/gcc/arm-none-eabi/12.2.1/../../../arm-none-eabi/lib/thumb/v7-m/nofp/libc_nano.a(lib_a-nano-reallocr.o)
 .debug_aranges
                0x00000c58       0x20 /usr/lib/gcc/arm-none-eabi/12.2.1/../../../arm-none-eabi/lib/thumb/v7-m/nofp/libc_nano.a(lib_a-sbrkr.o)
 .debug_aranges
                0x00000c78       0x20 /usr/lib/gcc/arm-none-eabi/12.2.1/../../../arm-none-eabi/lib/thumb/v7-m/nofp/libc_nano.a(lib_a-mlock.o)
 .debug_aranges
                0x00000c98       0x20 /usr/lib/gcc/arm-none-eabi/12.2.1/../../../arm-none-eabi/lib/thumb/v7-m/nofp/libc_nano.a(lib_a-nano-msizer.o)
 .debug_aranges
                0x00000cb8       0x20 /usr/lib/gcc/arm-none-eabi/12.2.1/../../../arm-none-eabi/lib/thumb/v7-m/nofp/libc_nano.a(lib_a-reent.o)
 .debug_aranges
                0x00000cd8       0x20 /usr/lib/gcc/arm-none-eabi/12.2.1/../../../arm-none-eabi/lib/thumb/v7-m/nofp/libnosys.a(sbrk.o)
 .debug_aranges
                0x00000cf8       0x20 /usr/lib/gcc/arm-none-eabi/12.2.1/thumb/v7-m/nofp/libgcc.a(_arm_muldf3.o)
 .debug_aranges
                0x00000d18       0x20 /usr/lib/gcc/arm-none-eabi/12.2.1/thumb/v7-m/nofp/libgcc.a(_arm_addsubdf3.o)
 .debug_aranges
                0x00000d38       0x20 /usr/lib/gcc/arm-none-eabi/12.2.1/thumb/v7-m/nofp/libgcc.a(_arm_fixunsdfsi.o)
 .debug_aranges
                0x00000d58       0x20 /usr/lib/gcc/arm-none-eabi/12.2.1/thumb/v7-m/nofp/libgcc.a(_arm_addsubsf3.o)
 .debug_aranges
                0x00000d78       0x20 /usr/lib/gcc/arm-none-eabi/12.2.1/thumb/v7-m/nofp/libgcc.a(_arm_muldivsf3.o)
 .debug_aranges
                0x00000d98       0x20 /usr/lib/gcc/arm-none-eabi/12.2.1/thumb/v7-m/nofp/libgcc.a(_arm_cmpsf2.o)
 .debug_aranges
                0x00000db8       0x20 /usr/lib/gcc/arm-none-eabi/12.2.1/thumb/v7-m/nofp/libgcc.a(_arm_fixunssfsi.o)
 .debug_aranges
                0x00000dd8       0x20 /usr/lib/gcc/arm-none-eabi/12.2.1/thumb/v7-m/nofp/libgcc.a(_aeabi_uldivmod.o)
 .debug_aranges
                0x00000df8       0x20 /usr/lib/gcc/arm-none-eabi/12.2.1/thumb/v7-m/nofp/libgcc.a(_udivmoddi4.o)
 .debug_aranges
                0x00000e18       0x20 /usr/lib/gcc/arm-none-eabi/12.2.1/thumb/v7-m/nofp/libgcc.a(_dvmd_tls.o)

.debug_ranges   0x00000000      0xba8
 .debug_ranges  0x00000000       0xa0 Debug/main.o
 .debug_ranges  0x000000a0       0x70 Debug/stm32l1xx_it.o
 .debug_ranges  0x00000110       0x48 Debug/stm32l1xx_hal_msp.o
 .debug_ranges  0x00000158      0x3c0 Debug/stm32l1xx_hal_tim.o
 .debug_ranges  0x00000518       0x18 Debug/stm32l1xx_hal_tim_ex.o
 .debug_ranges  0x00000530       0xd0 Debug/stm32l1xx_hal.o
 .debug_ranges  0x00000600       0x98 Debug/stm32l1xx_hal_rcc.o
 .debug_ranges  0x00000698       0x48 Debug/stm32l1xx_hal_gpio.o
 .debug_ranges  0x000006e0       0x70 Debug/stm32l1xx_hal_dma.o
 .debug_ranges  0x00000750       0xc8 Debug/stm32l1xx_hal_cortex.o
 .debug_ranges  0x00000818      0x210 Debug/stm32l1xx_hal_uart.o
 .debug_ranges  0x00000a28       0x18 Debug/system_stm32l1xx.o
 .debug_ranges  0x00000a40       0x20 Debug/startup_stm32l152xe.o
 .debug_ranges  0x00000a60       0x50 /usr/lib/gcc/arm-none-eabi/12.2.1/../../../arm-none-eabi/lib/thumb/v7-m/nofp/libc_nano.a(lib_a-nano-svfprintf.o)
 .debug_ranges  0x00000ab0       0xa8 /usr/lib/gcc/arm-none-eabi/12.2.1/../../../arm-none-eabi/lib/thumb/v7-m/nofp/libc_nano.a(lib_a-nano-vfprintf_i.o)
 .debug_ranges  0x00000b58       0x18 /usr/lib/gcc/arm-none-eabi/12.2.1/../../../arm-none-eabi/lib/thumb/v7-m/nofp/libc_nano.a(lib_a-nano-freer.o)
 .debug_ranges  0x00000b70       0x38 /usr/lib/gcc/arm-none-eabi/12.2.1/../../../arm-none-eabi/lib/thumb/v7-m/nofp/libc_nano.a(lib_a-nano-mallocr.o)

.debug_line     0x00000000     0xf4b7
 .debug_line    0x00000000      0x9cc Debug/main.o
 .debug_line    0x000009cc      0x2c1 Debug/stm32l1xx_it.o
 .debug_line    0x00000c8d      0x35e Debug/stm32l1xx_hal_msp.o
 .debug_line    0x00000feb     0x40bd Debug/stm32l1xx_hal_tim.o
 .debug_line    0x000050a8      0x282 Debug/stm32l1xx_hal_tim_ex.o
 .debug_line    0x0000532a      0x4b7 Debug/stm32l1xx_hal.o
 .debug_line    0x000057e1      0xd36 Debug/stm32l1xx_hal_rcc.o
 .debug_line    0x00006517      0x4dd Debug/stm32l1xx_hal_gpio.o
 .debug_line    0x000069f4      0x8e4 Debug/stm32l1xx_hal_dma.o
 .debug_line    0x000072d8      0x773 Debug/stm32l1xx_hal_cortex.o
 .debug_line    0x00007a4b     0x432b Debug/stm32l1xx_hal_uart.o
 .debug_line    0x0000bd76      0x1ba Debug/system_stm32l1xx.o
 .debug_line    0x0000bf30       0x75 Debug/startup_stm32l152xe.o
 .debug_line    0x0000bfa5       0xe4 /usr/lib/gcc/arm-none-eabi/12.2.1/../../../arm-none-eabi/lib/thumb/v7-m/nofp/libc_nano.a(lib_a-impure.o)
 .debug_line    0x0000c089      0x13f /usr/lib/gcc/arm-none-eabi/12.2.1/../../../arm-none-eabi/lib/thumb/v7-m/nofp/libc_nano.a(lib_a-init.o)
 .debug_line    0x0000c1c8      0x1bf /usr/lib/gcc/arm-none-eabi/12.2.1/../../../arm-none-eabi/lib/thumb/v7-m/nofp/libc_nano.a(lib_a-memset.o)
 .debug_line    0x0000c387      0x218 /usr/lib/gcc/arm-none-eabi/12.2.1/../../../arm-none-eabi/lib/thumb/v7-m/nofp/libc_nano.a(lib_a-sprintf.o)
 .debug_line    0x0000c59f      0x850 /usr/lib/gcc/arm-none-eabi/12.2.1/../../../arm-none-eabi/lib/thumb/v7-m/nofp/libc_nano.a(lib_a-nano-svfprintf.o)
 .debug_line    0x0000cdef      0x75e /usr/lib/gcc/arm-none-eabi/12.2.1/../../../arm-none-eabi/lib/thumb/v7-m/nofp/libc_nano.a(lib_a-nano-vfprintf_i.o)
 .debug_line    0x0000d54d      0x1d0 /usr/lib/gcc/arm-none-eabi/12.2.1/../../../arm-none-eabi/lib/thumb/v7-m/nofp/libc_nano.a(lib_a-memchr-stub.o)
 .debug_line    0x0000d71d       0xc1 /usr/lib/gcc/arm-none-eabi/12.2.1/../../../arm-none-eabi/lib/thumb/v7-m/nofp/libc_nano.a(lib_a-memcpy.o)
 .debug_line    0x0000d7de      0x206 /usr/lib/gcc/arm-none-eabi/12.2.1/../../../arm-none-eabi/lib/thumb/v7-m/nofp/libc_nano.a(lib_a-memmove.o)
 .debug_line    0x0000d9e4      0x2e5 /usr/lib/gcc/arm-none-eabi/12.2.1/../../../arm-none-eabi/lib/thumb/v7-m/nofp/libc_nano.a(lib_a-nano-freer.o)
 .debug_line    0x0000dcc9      0x2d6 /usr/lib/gcc/arm-none-eabi/12.2.1/../../../arm-none-eabi/lib/thumb/v7-m/nofp/libc_nano.a(lib_a-nano-mallocr.o)
 .debug_line    0x0000df9f      0x1c7 /usr/lib/gcc/arm-none-eabi/12.2.1/../../../arm-none-eabi/lib/thumb/v7-m/nofp/libc_nano.a(lib_a-nano-reallocr.o)
 .debug_line    0x0000e166      0x186 /usr/lib/gcc/arm-none-eabi/12.2.1/../../../arm-none-eabi/lib/thumb/v7-m/nofp/libc_nano.a(lib_a-sbrkr.o)
 .debug_line    0x0000e2ec      0x13e /usr/lib/gcc/arm-none-eabi/12.2.1/../../../arm-none-eabi/lib/thumb/v7-m/nofp/libc_nano.a(lib_a-mlock.o)
 .debug_line    0x0000e42a      0x160 /usr/lib/gcc/arm-none-eabi/12.2.1/../../../arm-none-eabi/lib/thumb/v7-m/nofp/libc_nano.a(lib_a-nano-msizer.o)
 .debug_line    0x0000e58a      0x2c7 /usr/lib/gcc/arm-none-eabi/12.2.1/../../../arm-none-eabi/lib/thumb/v7-m/nofp/libc_nano.a(lib_a-reent.o)
 .debug_line    0x0000e851       0x79 /usr/lib/gcc/arm-none-eabi/12.2.1/../../../arm-none-eabi/lib/thumb/v7-m/nofp/libnosys.a(sbrk.o)
 .debug_line    0x0000e8ca       0xf5 /usr/lib/gcc/arm-none-eabi/12.2.1/thumb/v7-m/nofp/libgcc.a(_arm_muldf3.o)
 .debug_line    0x0000e9bf      0x16f /usr/lib/gcc/arm-none-eabi/12.2.1/thumb/v7-m/nofp/libgcc.a(_arm_addsubdf3.o)
 .debug_line    0x0000eb2e       0x5e /usr/lib/gcc/arm-none-eabi/12.2.1/thumb/v7-m/nofp/libgcc.a(_arm_fixunsdfsi.o)
 .debug_line    0x0000eb8c      0x103 /usr/lib/gcc/arm-none-eabi/12.2.1/thumb/v7-m/nofp/libgcc.a(_arm_addsubsf3.o)
 .debug_line    0x0000ec8f      0x123 /usr/lib/gcc/arm-none-eabi/12.2.1/thumb/v7-m/nofp/libgcc.a(_arm_muldivsf3.o)
 .debug_line    0x0000edb2       0x9a /usr/lib/gcc/arm-none-eabi/12.2.1/thumb/v7-m/nofp/libgcc.a(_arm_cmpsf2.o)
 .debug_line    0x0000ee4c       0x5e /usr/lib/gcc/arm-none-eabi/12.2.1/thumb/v7-m/nofp/libgcc.a(_arm_fixunssfsi.o)
 .debug_line    0x0000eeaa       0x4e /usr/lib/gcc/arm-none-eabi/12.2.1/thumb/v7-m/nofp/libgcc.a(_aeabi_uldivmod.o)
 .debug_line    0x0000eef8      0x575 /usr/lib/gcc/arm-none-eabi/12.2.1/thumb/v7-m/nofp/libgcc.a(_udivmoddi4.o)
 .debug_line    0x0000f46d       0x4a /usr/lib/gcc/arm-none-eabi/12.2.1/thumb/v7-m/nofp/libgcc.a(_dvmd_tls.o)

.debug_str      0x00000000     0x4c11
 .debug_str     0x00000000     0x120f Debug/main.o
                               0x12e3 (size before relaxing)
 .debug_str     0x0000120f      0x13b Debug/stm32l1xx_it.o
                                0x953 (size before relaxing)
 .debug_str     0x0000134a       0xf7 Debug/stm32l1xx_hal_msp.o
                                0xd8c (size before relaxing)
 .debug_str     0x00001441      0xd71 Debug/stm32l1xx_hal_tim.o
                               0x1547 (size before relaxing)
 .debug_str     0x000021b2       0x54 Debug/stm32l1xx_hal_tim_ex.o
                                0x707 (size before relaxing)
 .debug_str     0x00002206      0x266 Debug/stm32l1xx_hal.o
                                0x82d (size before relaxing)
 .debug_str     0x0000246c      0x27a Debug/stm32l1xx_hal_rcc.o
                                0x6b4 (size before relaxing)
 .debug_str     0x000026e6       0xba Debug/stm32l1xx_hal_gpio.o
                                0x3d5 (size before relaxing)
 .debug_str     0x000027a0      0x227 Debug/stm32l1xx_hal_dma.o
                                0x5e4 (size before relaxing)
 .debug_str     0x000029c7      0x4a6 Debug/stm32l1xx_hal_cortex.o
                                0xa4a (size before relaxing)
 .debug_str     0x00002e6d      0x5b6 Debug/stm32l1xx_hal_uart.o
                                0xcaf (size before relaxing)
 .debug_str     0x00003423       0x5e Debug/system_stm32l1xx.o
                                0x255 (size before relaxing)
 .debug_str     0x00003481       0x30 Debug/startup_stm32l152xe.o
                                 0x64 (size before relaxing)
 .debug_str     0x000034b1      0x465 /usr/lib/gcc/arm-none-eabi/12.2.1/../../../arm-none-eabi/lib/thumb/v7-m/nofp/libc_nano.a(lib_a-impure.o)
                                0x556 (size before relaxing)
 .debug_str     0x00003916       0xf2 /usr/lib/gcc/arm-none-eabi/12.2.1/../../../arm-none-eabi/lib/thumb/v7-m/nofp/libc_nano.a(lib_a-init.o)
                                0x203 (size before relaxing)
 .debug_str     0x00003a08       0xa6 /usr/lib/gcc/arm-none-eabi/12.2.1/../../../arm-none-eabi/lib/thumb/v7-m/nofp/libc_nano.a(lib_a-memset.o)
                                0x1b8 (size before relaxing)
 .debug_str     0x00003aae       0xc7 /usr/lib/gcc/arm-none-eabi/12.2.1/../../../arm-none-eabi/lib/thumb/v7-m/nofp/libc_nano.a(lib_a-sprintf.o)
                                0x544 (size before relaxing)
 .debug_str     0x00003b75      0x29a /usr/lib/gcc/arm-none-eabi/12.2.1/../../../arm-none-eabi/lib/thumb/v7-m/nofp/libc_nano.a(lib_a-nano-svfprintf.o)
                                0x84d (size before relaxing)
 .debug_str     0x00003e0f       0x94 /usr/lib/gcc/arm-none-eabi/12.2.1/../../../arm-none-eabi/lib/thumb/v7-m/nofp/libc_nano.a(lib_a-nano-vfprintf_i.o)
                                0x7e4 (size before relaxing)
 .debug_str     0x00003ea3       0xbe /usr/lib/gcc/arm-none-eabi/12.2.1/../../../arm-none-eabi/lib/thumb/v7-m/nofp/libc_nano.a(lib_a-memchr-stub.o)
                                0x1d0 (size before relaxing)
 .debug_str     0x00003f61       0x4f /usr/lib/gcc/arm-none-eabi/12.2.1/../../../arm-none-eabi/lib/thumb/v7-m/nofp/libc_nano.a(lib_a-memcpy.o)
                                 0xb2 (size before relaxing)
 .debug_str     0x00003fb0       0x56 /usr/lib/gcc/arm-none-eabi/12.2.1/../../../arm-none-eabi/lib/thumb/v7-m/nofp/libc_nano.a(lib_a-memmove.o)
                                0x1d7 (size before relaxing)
 .debug_str     0x00004006      0x112 /usr/lib/gcc/arm-none-eabi/12.2.1/../../../arm-none-eabi/lib/thumb/v7-m/nofp/libc_nano.a(lib_a-nano-freer.o)
                                0x58d (size before relaxing)
 .debug_str     0x00004118       0x46 /usr/lib/gcc/arm-none-eabi/12.2.1/../../../arm-none-eabi/lib/thumb/v7-m/nofp/libc_nano.a(lib_a-nano-mallocr.o)
                                0x5b8 (size before relaxing)
 .debug_str     0x0000415e       0x23 /usr/lib/gcc/arm-none-eabi/12.2.1/../../../arm-none-eabi/lib/thumb/v7-m/nofp/libc_nano.a(lib_a-nano-reallocr.o)
                                0x577 (size before relaxing)
 .debug_str     0x00004181       0x47 /usr/lib/gcc/arm-none-eabi/12.2.1/../../../arm-none-eabi/lib/thumb/v7-m/nofp/libc_nano.a(lib_a-sbrkr.o)
                                0x50e (size before relaxing)
 .debug_str     0x000041c8       0x4c /usr/lib/gcc/arm-none-eabi/12.2.1/../../../arm-none-eabi/lib/thumb/v7-m/nofp/libc_nano.a(lib_a-mlock.o)
                                0x524 (size before relaxing)
 .debug_str     0x00004214        0xf /usr/lib/gcc/arm-none-eabi/12.2.1/../../../arm-none-eabi/lib/thumb/v7-m/nofp/libc_nano.a(lib_a-nano-msizer.o)
                                0x555 (size before relaxing)
 .debug_str     0x00004223       0x5e /usr/lib/gcc/arm-none-eabi/12.2.1/../../../arm-none-eabi/lib/thumb/v7-m/nofp/libc_nano.a(lib_a-reent.o)
                                0x536 (size before relaxing)
 .debug_str     0x00004281       0xf0 /usr/lib/gcc/arm-none-eabi/12.2.1/../../../arm-none-eabi/lib/thumb/v7-m/nofp/libnosys.a(sbrk.o)
                                0x109 (size before relaxing)
 .debug_str     0x00004371       0xad /usr/lib/gcc/arm-none-eabi/12.2.1/thumb/v7-m/nofp/libgcc.a(_arm_muldf3.o)
                                 0xba (size before relaxing)
 .debug_str     0x0000441e       0xa0 /usr/lib/gcc/arm-none-eabi/12.2.1/thumb/v7-m/nofp/libgcc.a(_arm_addsubdf3.o)
                                0x150 (size before relaxing)
 .debug_str     0x000044be        0xd /usr/lib/gcc/arm-none-eabi/12.2.1/thumb/v7-m/nofp/libgcc.a(_arm_fixunsdfsi.o)
                                 0xbf (size before relaxing)
 .debug_str     0x000044cb       0xc4 /usr/lib/gcc/arm-none-eabi/12.2.1/thumb/v7-m/nofp/libgcc.a(_arm_addsubsf3.o)
                                0x144 (size before relaxing)
 .debug_str     0x0000458f       0x12 /usr/lib/gcc/arm-none-eabi/12.2.1/thumb/v7-m/nofp/libgcc.a(_arm_muldivsf3.o)
                                 0xd0 (size before relaxing)
 .debug_str     0x000045a1       0x79 /usr/lib/gcc/arm-none-eabi/12.2.1/thumb/v7-m/nofp/libgcc.a(_arm_cmpsf2.o)
                                0x159 (size before relaxing)
 .debug_str     0x0000461a        0xd /usr/lib/gcc/arm-none-eabi/12.2.1/thumb/v7-m/nofp/libgcc.a(_arm_fixunssfsi.o)
                                 0xbf (size before relaxing)
 .debug_str     0x00004627       0x2c /usr/lib/gcc/arm-none-eabi/12.2.1/thumb/v7-m/nofp/libgcc.a(_aeabi_uldivmod.o)
                                 0x9f (size before relaxing)
 .debug_str     0x00004653      0x572 /usr/lib/gcc/arm-none-eabi/12.2.1/thumb/v7-m/nofp/libgcc.a(_udivmoddi4.o)
                                0x66e (size before relaxing)
 .debug_str     0x00004bc5       0x4c /usr/lib/gcc/arm-none-eabi/12.2.1/thumb/v7-m/nofp/libgcc.a(_dvmd_tls.o)
                                 0xbf (size before relaxing)

.debug_frame    0x00000000     0x2310
 .debug_frame   0x00000000      0x1c0 Debug/main.o
 .debug_frame   0x000001c0      0x108 Debug/stm32l1xx_it.o
 .debug_frame   0x000002c8       0xe4 Debug/stm32l1xx_hal_msp.o
 .debug_frame   0x000003ac      0xafc Debug/stm32l1xx_hal_tim.o
 .debug_frame   0x00000ea8       0x3c Debug/stm32l1xx_hal_tim_ex.o
 .debug_frame   0x00000ee4      0x1cc Debug/stm32l1xx_hal.o
 .debug_frame   0x000010b0      0x1a4 Debug/stm32l1xx_hal_rcc.o
 .debug_frame   0x00001254       0xd0 Debug/stm32l1xx_hal_gpio.o
 .debug_frame   0x00001324      0x138 Debug/stm32l1xx_hal_dma.o
 .debug_frame   0x0000145c      0x1cc Debug/stm32l1xx_hal_cortex.o
 .debug_frame   0x00001628      0x5d4 Debug/stm32l1xx_hal_uart.o
 .debug_frame   0x00001bfc       0x30 Debug/system_stm32l1xx.o
 .debug_frame   0x00001c2c       0x2c /usr/lib/gcc/arm-none-eabi/12.2.1/../../../arm-none-eabi/lib/thumb/v7-m/nofp/libc_nano.a(lib_a-init.o)
 .debug_frame   0x00001c58       0x2c /usr/lib/gcc/arm-none-eabi/12.2.1/../../../arm-none-eabi/lib/thumb/v7-m/nofp/libc_nano.a(lib_a-memset.o)
 .debug_frame   0x00001c84       0x7c /usr/lib/gcc/arm-none-eabi/12.2.1/../../../arm-none-eabi/lib/thumb/v7-m/nofp/libc_nano.a(lib_a-sprintf.o)
 .debug_frame   0x00001d00       0x98 /usr/lib/gcc/arm-none-eabi/12.2.1/../../../arm-none-eabi/lib/thumb/v7-m/nofp/libc_nano.a(lib_a-nano-svfprintf.o)
 .debug_frame   0x00001d98       0x68 /usr/lib/gcc/arm-none-eabi/12.2.1/../../../arm-none-eabi/lib/thumb/v7-m/nofp/libc_nano.a(lib_a-nano-vfprintf_i.o)
 .debug_frame   0x00001e00       0x28 /usr/lib/gcc/arm-none-eabi/12.2.1/../../../arm-none-eabi/lib/thumb/v7-m/nofp/libc_nano.a(lib_a-memchr-stub.o)
 .debug_frame   0x00001e28       0x40 /usr/lib/gcc/arm-none-eabi/12.2.1/../../../arm-none-eabi/lib/thumb/v7-m/nofp/libc_nano.a(lib_a-memmove.o)
 .debug_frame   0x00001e68       0x64 /usr/lib/gcc/arm-none-eabi/12.2.1/../../../arm-none-eabi/lib/thumb/v7-m/nofp/libc_nano.a(lib_a-nano-freer.o)
 .debug_frame   0x00001ecc       0x30 /usr/lib/gcc/arm-none-eabi/12.2.1/../../../arm-none-eabi/lib/thumb/v7-m/nofp/libc_nano.a(lib_a-nano-mallocr.o)
 .debug_frame   0x00001efc       0x38 /usr/lib/gcc/arm-none-eabi/12.2.1/../../../arm-none-eabi/lib/thumb/v7-m/nofp/libc_nano.a(lib_a-nano-reallocr.o)
 .debug_frame   0x00001f34       0x2c /usr/lib/gcc/arm-none-eabi/12.2.1/../../../arm-none-eabi/lib/thumb/v7-m/nofp/libc_nano.a(lib_a-sbrkr.o)
 .debug_frame   0x00001f60       0x30 /usr/lib/gcc/arm-none-eabi/12.2.1/../../../arm-none-eabi/lib/thumb/v7-m/nofp/libc_nano.a(lib_a-mlock.o)
 .debug_frame   0x00001f90       0x20 /usr/lib/gcc/arm-none-eabi/12.2.1/../../../arm-none-eabi/lib/thumb/v7-m/nofp/libc_nano.a(lib_a-nano-msizer.o)
 .debug_frame   0x00001fb0       0x70 /usr/lib/gcc/arm-none-eabi/12.2.1/../../../arm-none-eabi/lib/thumb/v7-m/nofp/libc_nano.a(lib_a-reent.o)
 .debug_frame   0x00002020       0x20 /usr/lib/gcc/arm-none-eabi/12.2.1/../../../arm-none-eabi/lib/thumb/v7-m/nofp/libnosys.a(sbrk.o)
 .debug_frame   0x00002040       0x30 /usr/lib/gcc/arm-none-eabi/12.2.1/thumb/v7-m/nofp/libgcc.a(_arm_muldf3.o)
 .debug_frame   0x00002070       0xac /usr/lib/gcc/arm-none-eabi/12.2.1/thumb/v7-m/nofp/libgcc.a(_arm_addsubdf3.o)
 .debug_frame   0x0000211c       0x24 /usr/lib/gcc/arm-none-eabi/12.2.1/thumb/v7-m/nofp/libgcc.a(_arm_fixunsdfsi.o)
 .debug_frame   0x00002140       0x4c /usr/lib/gcc/arm-none-eabi/12.2.1/thumb/v7-m/nofp/libgcc.a(_arm_addsubsf3.o)
 .debug_frame   0x0000218c       0x38 /usr/lib/gcc/arm-none-eabi/12.2.1/thumb/v7-m/nofp/libgcc.a(_arm_muldivsf3.o)
 .debug_frame   0x000021c4       0xc8 /usr/lib/gcc/arm-none-eabi/12.2.1/thumb/v7-m/nofp/libgcc.a(_arm_cmpsf2.o)
 .debug_frame   0x0000228c       0x24 /usr/lib/gcc/arm-none-eabi/12.2.1/thumb/v7-m/nofp/libgcc.a(_arm_fixunssfsi.o)
 .debug_frame   0x000022b0       0x2c /usr/lib/gcc/arm-none-eabi/12.2.1/thumb/v7-m/nofp/libgcc.a(_aeabi_uldivmod.o)
 .debug_frame   0x000022dc       0x34 /usr/lib/gcc/arm-none-eabi/12.2.1/thumb/v7-m/nofp/libgcc.a(_udivmoddi4.o)

.debug_line_str
                0x00000000       0xb9
 .debug_line_str
                0x00000000       0x98 /usr/lib/gcc/arm-none-eabi/12.2.1/thumb/v7-m/nofp/libgcc.a(_arm_muldf3.o)
 .debug_line_str
                0x00000098       0x98 /usr/lib/gcc/arm-none-eabi/12.2.1/thumb/v7-m/nofp/libgcc.a(_arm_addsubdf3.o)
 .debug_line_str
                0x00000098       0x98 /usr/lib/gcc/arm-none-eabi/12.2.1/thumb/v7-m/nofp/libgcc.a(_arm_fixunsdfsi.o)
 .debug_line_str
                0x00000098        0xd /usr/lib/gcc/arm-none-eabi/12.2.1/thumb/v7-m/nofp/libgcc.a(_arm_addsubsf3.o)
                                 0x98 (size before relaxing)
 .debug_line_str
                0x000000a5       0x98 /usr/lib/gcc/arm-none-eabi/12.2.1/thumb/v7-m/nofp/libgcc.a(_arm_muldivsf3.o)
 .debug_line_str
                0x000000a5       0x98 /usr/lib/gcc/arm-none-eabi/12.2.1/thumb/v7-m/nofp/libgcc.a(_arm_cmpsf2.o)
 .debug_line_str
                0x000000a5       0x98 /usr/lib/gcc/arm-none-eabi/12.2.1/thumb/v7-m/nofp/libgcc.a(_arm_fixunssfsi.o)
 .debug_line_str
                0x000000a5        0x8 /usr/lib/gcc/arm-none-eabi/12.2.1/thumb/v7-m/nofp/libgcc.a(_aeabi_uldivmod.o)
                                 0x93 (size before relaxing)
 .debug_line_str
                0x000000ad        0xc /usr/lib/gcc/arm-none-eabi/12.2.1/thumb/v7-m/nofp/libgcc.a(_dvmd_tls.o)
                                 0x97 (size before relaxing)

.debug_loclists
                0x00000000      0x993
 .debug_loclists
                0x00000000      0x993 /usr/lib/gcc/arm-none-eabi/12.2.1/thumb/v7-m/nofp/libgcc.a(_udivmoddi4.o)

.debug_rnglists
                0x00000000       0x9d
 .debug_rnglists
                0x00000000       0x9d /usr/lib/gcc/arm-none-eabi/12.2.1/thumb/v7-m/nofp/libgcc.a(_udivmoddi4.o)

Cross Reference Table

Symbol                                            File
ADC1_IRQHandler                                   Debug/startup_stm32l152xe.o
AHBPrescTable                                     Debug/system_stm32l1xx.o
                                                  Debug/stm32l1xx_hal_rcc.o
APBPrescTable                                     Debug/system_stm32l1xx.o
                                                  Debug/stm32l1xx_hal_rcc.o
BusFault_Handler                                  Debug/stm32l1xx_it.o
COMP_ACQ_IRQHandler                               Debug/startup_stm32l152xe.o
COMP_IRQHandler                                   Debug/startup_stm32l152xe.o
Command_Parser                                    Debug/main.o
DAC_IRQHandler                                    Debug/startup_stm32l152xe.o
DMA1_Channel1_IRQHandler                          Debug/startup_stm32l152xe.o
DMA1_Channel2_IRQHandler                          Debug/startup_stm32l152xe.o
DMA1_Channel3_IRQHandler                          Debug/startup_stm32l152xe.o
DMA1_Channel4_IRQHandler                          Debug/startup_stm32l152xe.o
DMA1_Channel5_IRQHandler                          Debug/startup_stm32l152xe.o
DMA1_Channel6_IRQHandler                          Debug/startup_stm32l152xe.o
DMA1_Channel7_IRQHandler                          Debug/startup_stm32l152xe.o
DMA2_Channel1_IRQHandler                          Debug/startup_stm32l152xe.o
DMA2_Channel2_IRQHandler                          Debug/startup_stm32l152xe.o
DMA2_Channel3_IRQHandler                          Debug/startup_stm32l152xe.o
DMA2_Channel4_IRQHandler                          Debug/startup_stm32l152xe.o
DMA2_Channel5_IRQHandler                          Debug/startup_stm32l152xe.o
DebugMon_Handler                                  Debug/stm32l1xx_it.o
Default_Handler                                   Debug/startup_stm32l152xe.o
EXTI0_IRQHandler                                  Debug/startup_stm32l152xe.o
EXTI15_10_IRQHandler                              Debug/stm32l1xx_it.o
EXTI1_IRQHandler                                  Debug/startup_stm32l152xe.o
EXTI2_IRQHandler                                  Debug/startup_stm32l152xe.o
EXTI3_IRQHandler                                  Debug/startup_stm32l152xe.o
EXTI4_IRQHandler                                  Debug/startup_stm32l152xe.o
EXTI9_5_IRQHandler                                Debug/startup_stm32l152xe.o
Error_Handler                                     Debug/main.o
FLASH_IRQHandler                                  Debug/startup_stm32l152xe.o
FLASH_PageErase                                   Debug/stm32l1xx_hal_flash_ex.o
                                                  Debug/stm32l1xx_hal_flash.o
FLASH_WaitForLastOperation                        Debug/stm32l1xx_hal_flash.o
                                                  Debug/stm32l1xx_hal_flash_ex.o
HAL_DBGMCU_DisableDBGSleepMode                    Debug/stm32l1xx_hal.o
HAL_DBGMCU_DisableDBGStandbyMode                  Debug/stm32l1xx_hal.o
HAL_DBGMCU_DisableDBGStopMode                     Debug/stm32l1xx_hal.o
HAL_DBGMCU_EnableDBGSleepMode                     Debug/stm32l1xx_hal.o
HAL_DBGMCU_EnableDBGStandbyMode                   Debug/stm32l1xx_hal.o
HAL_DBGMCU_EnableDBGStopMode                      Debug/stm32l1xx_hal.o
HAL_DMA_Abort                                     Debug/stm32l1xx_hal_dma.o
                                                  Debug/stm32l1xx_hal_uart.o
HAL_DMA_Abort_IT                                  Debug/stm32l1xx_hal_dma.o
                                                  Debug/stm32l1xx_hal_uart.o
                                                  Debug/stm32l1xx_hal_tim.o
HAL_DMA_DeInit                                    Debug/stm32l1xx_hal_dma.o
HAL_DMA_GetError                                  Debug/stm32l1xx_hal_dma.o
                                                  Debug/stm32l1xx_hal_uart.o
HAL_DMA_GetState                                  Debug/stm32l1xx_hal_dma.o
HAL_DMA_IRQHandler                                Debug/stm32l1xx_hal_dma.o
HAL_DMA_Init                                      Debug/stm32l1xx_hal_dma.o
HAL_DMA_PollForTransfer                           Debug/stm32l1xx_hal_dma.o
HAL_DMA_RegisterCallback                          Debug/stm32l1xx_hal_dma.o
HAL_DMA_Start                                     Debug/stm32l1xx_hal_dma.o
HAL_DMA_Start_IT                                  Debug/stm32l1xx_hal_dma.o
                                                  Debug/stm32l1xx_hal_uart.o
                                                  Debug/stm32l1xx_hal_tim.o
HAL_DMA_UnRegisterCallback                        Debug/stm32l1xx_hal_dma.o
HAL_DeInit                                        Debug/stm32l1xx_hal.o
HAL_Delay                                         Debug/stm32l1xx_hal.o
HAL_EXTI_ClearConfigLine                          Debug/stm32l1xx_hal_exti.o
HAL_EXTI_ClearPending                             Debug/stm32l1xx_hal_exti.o
HAL_EXTI_GenerateSWI                              Debug/stm32l1xx_hal_exti.o
HAL_EXTI_GetConfigLine                            Debug/stm32l1xx_hal_exti.o
HAL_EXTI_GetHandle                                Debug/stm32l1xx_hal_exti.o
HAL_EXTI_GetPending                               Debug/stm32l1xx_hal_exti.o
HAL_EXTI_IRQHandler                               Debug/stm32l1xx_hal_exti.o
HAL_EXTI_RegisterCallback                         Debug/stm32l1xx_hal_exti.o
HAL_EXTI_SetConfigLine                            Debug/stm32l1xx_hal_exti.o
HAL_FLASHEx_AdvOBGetConfig                        Debug/stm32l1xx_hal_flash_ex.o
HAL_FLASHEx_AdvOBProgram                          Debug/stm32l1xx_hal_flash_ex.o
HAL_FLASHEx_DATAEEPROM_DisableFixedTimeProgram    Debug/stm32l1xx_hal_flash_ex.o
HAL_FLASHEx_DATAEEPROM_EnableFixedTimeProgram     Debug/stm32l1xx_hal_flash_ex.o
HAL_FLASHEx_DATAEEPROM_Erase                      Debug/stm32l1xx_hal_flash_ex.o
HAL_FLASHEx_DATAEEPROM_EraseDoubleWord            Debug/stm32l1xx_hal_flash_ramfunc.o
HAL_FLASHEx_DATAEEPROM_Lock                       Debug/stm32l1xx_hal_flash_ex.o
HAL_FLASHEx_DATAEEPROM_Program                    Debug/stm32l1xx_hal_flash_ex.o
HAL_FLASHEx_DATAEEPROM_ProgramDoubleWord          Debug/stm32l1xx_hal_flash_ramfunc.o
HAL_FLASHEx_DATAEEPROM_Unlock                     Debug/stm32l1xx_hal_flash_ex.o
HAL_FLASHEx_DisableRunPowerDown                   Debug/stm32l1xx_hal_flash_ramfunc.o
HAL_FLASHEx_EnableRunPowerDown                    Debug/stm32l1xx_hal_flash_ramfunc.o
HAL_FLASHEx_Erase                                 Debug/stm32l1xx_hal_flash_ex.o
HAL_FLASHEx_EraseParallelPage                     Debug/stm32l1xx_hal_flash_ramfunc.o
HAL_FLASHEx_Erase_IT                              Debug/stm32l1xx_hal_flash_ex.o
HAL_FLASHEx_GetError                              Debug/stm32l1xx_hal_flash_ramfunc.o
HAL_FLASHEx_HalfPageProgram                       Debug/stm32l1xx_hal_flash_ramfunc.o
HAL_FLASHEx_OBGetConfig                           Debug/stm32l1xx_hal_flash_ex.o
HAL_FLASHEx_OBProgram                             Debug/stm32l1xx_hal_flash_ex.o
HAL_FLASHEx_ProgramParallelHalfPage               Debug/stm32l1xx_hal_flash_ramfunc.o
HAL_FLASH_EndOfOperationCallback                  Debug/stm32l1xx_hal_flash.o
HAL_FLASH_GetError                                Debug/stm32l1xx_hal_flash.o
HAL_FLASH_IRQHandler                              Debug/stm32l1xx_hal_flash.o
HAL_FLASH_Lock                                    Debug/stm32l1xx_hal_flash.o
HAL_FLASH_OB_Launch                               Debug/stm32l1xx_hal_flash.o
HAL_FLASH_OB_Lock                                 Debug/stm32l1xx_hal_flash.o
HAL_FLASH_OB_Unlock                               Debug/stm32l1xx_hal_flash.o
HAL_FLASH_OperationErrorCallback                  Debug/stm32l1xx_hal_flash.o
HAL_FLASH_Program                                 Debug/stm32l1xx_hal_flash.o
HAL_FLASH_Program_IT                              Debug/stm32l1xx_hal_flash.o
HAL_FLASH_Unlock                                  Debug/stm32l1xx_hal_flash.o
HAL_GPIO_DeInit                                   Debug/stm32l1xx_hal_gpio.o
                                                  Debug/stm32l1xx_hal_msp.o
HAL_GPIO_EXTI_Callback                            Debug/main.o
HAL_GPIO_EXTI_IRQHandler                          Debug/stm32l1xx_hal_gpio.o
                                                  Debug/stm32l1xx_it.o
HAL_GPIO_Init                                     Debug/stm32l1xx_hal_gpio.o
                                                  Debug/stm32l1xx_hal_rcc.o
                                                  Debug/stm32l1xx_hal_msp.o
                                                  Debug/main.o
HAL_GPIO_LockPin                                  Debug/stm32l1xx_hal_gpio.o
HAL_GPIO_ReadPin                                  Debug/stm32l1xx_hal_gpio.o
HAL_GPIO_TogglePin                                Debug/stm32l1xx_hal_gpio.o
                                                  Debug/main.o
HAL_GPIO_WritePin                                 Debug/stm32l1xx_hal_gpio.o
                                                  Debug/main.o
HAL_GetDEVID                                      Debug/stm32l1xx_hal.o
HAL_GetHalVersion                                 Debug/stm32l1xx_hal.o
HAL_GetREVID                                      Debug/stm32l1xx_hal.o
HAL_GetTick                                       Debug/stm32l1xx_hal.o
                                                  Debug/stm32l1xx_hal_uart.o
                                                  Debug/stm32l1xx_hal_dma.o
                                                  Debug/stm32l1xx_hal_flash.o
                                                  Debug/stm32l1xx_hal_rcc_ex.o
                                                  Debug/stm32l1xx_hal_rcc.o
                                                  Debug/main.o
HAL_GetTickFreq                                   Debug/stm32l1xx_hal.o
HAL_GetTickPrio                                   Debug/stm32l1xx_hal.o
HAL_GetUIDw0                                      Debug/stm32l1xx_hal.o
HAL_GetUIDw1                                      Debug/stm32l1xx_hal.o
HAL_GetUIDw2                                      Debug/stm32l1xx_hal.o
HAL_HalfDuplex_EnableReceiver                     Debug/stm32l1xx_hal_uart.o
HAL_HalfDuplex_EnableTransmitter                  Debug/stm32l1xx_hal_uart.o
HAL_HalfDuplex_Init                               Debug/stm32l1xx_hal_uart.o
HAL_IncTick                                       Debug/stm32l1xx_hal.o
                                                  Debug/stm32l1xx_it.o
HAL_Init                                          Debug/stm32l1xx_hal.o
                                                  Debug/main.o
HAL_InitTick                                      Debug/stm32l1xx_hal.o
                                                  Debug/stm32l1xx_hal_rcc.o
HAL_LIN_Init                                      Debug/stm32l1xx_hal_uart.o
HAL_LIN_SendBreak                                 Debug/stm32l1xx_hal_uart.o
HAL_MPU_ConfigRegion                              Debug/stm32l1xx_hal_cortex.o
HAL_MPU_Disable                                   Debug/stm32l1xx_hal_cortex.o
HAL_MPU_Enable                                    Debug/stm32l1xx_hal_cortex.o
HAL_MspDeInit                                     Debug/stm32l1xx_hal.o
HAL_MspInit                                       Debug/stm32l1xx_hal_msp.o
HAL_MultiProcessor_EnterMuteMode                  Debug/stm32l1xx_hal_uart.o
HAL_MultiProcessor_ExitMuteMode                   Debug/stm32l1xx_hal_uart.o
HAL_MultiProcessor_Init                           Debug/stm32l1xx_hal_uart.o
HAL_NVIC_ClearPendingIRQ                          Debug/stm32l1xx_hal_cortex.o
HAL_NVIC_DisableIRQ                               Debug/stm32l1xx_hal_cortex.o
                                                  Debug/stm32l1xx_hal_msp.o
HAL_NVIC_EnableIRQ                                Debug/stm32l1xx_hal_cortex.o
                                                  Debug/stm32l1xx_hal_msp.o
                                                  Debug/main.o
HAL_NVIC_GetActive                                Debug/stm32l1xx_hal_cortex.o
HAL_NVIC_GetPendingIRQ                            Debug/stm32l1xx_hal_cortex.o
HAL_NVIC_GetPriority                              Debug/stm32l1xx_hal_cortex.o
HAL_NVIC_GetPriorityGrouping                      Debug/stm32l1xx_hal_cortex.o
HAL_NVIC_SetPendingIRQ                            Debug/stm32l1xx_hal_cortex.o
HAL_NVIC_SetPriority                              Debug/stm32l1xx_hal_cortex.o
                                                  Debug/stm32l1xx_hal.o
                                                  Debug/stm32l1xx_hal_msp.o
                                                  Debug/main.o
HAL_NVIC_SetPriorityGrouping                      Debug/stm32l1xx_hal_cortex.o
                                                  Debug/stm32l1xx_hal.o
                                                  Debug/stm32l1xx_hal_msp.o
HAL_NVIC_SystemReset                              Debug/stm32l1xx_hal_cortex.o
HAL_PWREx_DisableFastWakeUp                       Debug/stm32l1xx_hal_pwr_ex.o
HAL_PWREx_DisableLowPowerRunMode                  Debug/stm32l1xx_hal_pwr_ex.o
HAL_PWREx_DisableUltraLowPower                    Debug/stm32l1xx_hal_pwr_ex.o
HAL_PWREx_EnableFastWakeUp                        Debug/stm32l1xx_hal_pwr_ex.o
HAL_PWREx_EnableLowPowerRunMode                   Debug/stm32l1xx_hal_pwr_ex.o
HAL_PWREx_EnableUltraLowPower                     Debug/stm32l1xx_hal_pwr_ex.o
HAL_PWREx_GetVoltageRange                         Debug/stm32l1xx_hal_pwr_ex.o
HAL_PWR_ConfigPVD                                 Debug/stm32l1xx_hal_pwr.o
HAL_PWR_DeInit                                    Debug/stm32l1xx_hal_pwr.o
HAL_PWR_DisableBkUpAccess                         Debug/stm32l1xx_hal_pwr.o
HAL_PWR_DisablePVD                                Debug/stm32l1xx_hal_pwr.o
HAL_PWR_DisableSEVOnPend                          Debug/stm32l1xx_hal_pwr.o
HAL_PWR_DisableSleepOnExit                        Debug/stm32l1xx_hal_pwr.o
HAL_PWR_DisableWakeUpPin                          Debug/stm32l1xx_hal_pwr.o
HAL_PWR_EnableBkUpAccess                          Debug/stm32l1xx_hal_pwr.o
HAL_PWR_EnablePVD                                 Debug/stm32l1xx_hal_pwr.o
HAL_PWR_EnableSEVOnPend                           Debug/stm32l1xx_hal_pwr.o
HAL_PWR_EnableSleepOnExit                         Debug/stm32l1xx_hal_pwr.o
HAL_PWR_EnableWakeUpPin                           Debug/stm32l1xx_hal_pwr.o
HAL_PWR_EnterSLEEPMode                            Debug/stm32l1xx_hal_pwr.o
HAL_PWR_EnterSTANDBYMode                          Debug/stm32l1xx_hal_pwr.o
HAL_PWR_EnterSTOPMode                             Debug/stm32l1xx_hal_pwr.o
HAL_PWR_PVDCallback                               Debug/stm32l1xx_hal_pwr.o
HAL_PWR_PVD_IRQHandler                            Debug/stm32l1xx_hal_pwr.o
HAL_RCCEx_DisableLSECSS                           Debug/stm32l1xx_hal_rcc_ex.o
HAL_RCCEx_EnableLSECSS                            Debug/stm32l1xx_hal_rcc_ex.o
HAL_RCCEx_EnableLSECSS_IT                         Debug/stm32l1xx_hal_rcc_ex.o
HAL_RCCEx_GetPeriphCLKConfig                      Debug/stm32l1xx_hal_rcc_ex.o
HAL_RCCEx_GetPeriphCLKFreq                        Debug/stm32l1xx_hal_rcc_ex.o
HAL_RCCEx_LSECSS_Callback                         Debug/stm32l1xx_hal_rcc_ex.o
HAL_RCCEx_LSECSS_IRQHandler                       Debug/stm32l1xx_hal_rcc_ex.o
HAL_RCCEx_PeriphCLKConfig                         Debug/stm32l1xx_hal_rcc_ex.o
HAL_RCC_CSSCallback                               Debug/stm32l1xx_hal_rcc.o
HAL_RCC_ClockConfig                               Debug/stm32l1xx_hal_rcc.o