../Core/Src/main.c:556:6:set_LED_Blink_freq.part.0	0	static
../Core/Src/main.c:572:7:set_FW_Speed.part.0	16	static
../Core/Src/main.c:517:6:HAL_TIM_PeriodElapsedCallback	0	static
../Core/Src/main.c:529:6:HAL_TIM_PeriodElapsedHalfCpltCallback	0	static
../Core/Src/main.c:540:6:HAL_GPIO_EXTI_Callback	0	static
../Core/Src/main.c:556:6:set_LED_Blink_freq	0	static
../Core/Src/main.c:572:7:set_FW_Speed	8	static
../Core/Src/main.c:621:6:Command_Parser	8	static
../Core/Src/main.c:675:6:Error_Handler	8	static,ignoring_inline_asm
../Core/Src/main.c:269:6:SystemClock_Config	80	static
../Core/Src/main.c:111:5:main	104	static,ignoring_inline_asm
../Core/Src/main.c:585:6:HAL_UART_RxCpltCallback	40	static,ignoring_inline_asm
