../Core/Src/stm32l1xx_hal_msp.c:65:6:HAL_MspInit	16	static
../Core/Src/stm32l1xx_hal_msp.c:90:6:HAL_TIM_Base_MspInit	16	static
../Core/Src/stm32l1xx_hal_msp.c:129:6:HAL_TIM_PWM_MspInit	8	static
../Core/Src/stm32l1xx_hal_msp.c:145:6:HAL_TIM_MspPostInit	32	static
../Core/Src/stm32l1xx_hal_msp.c:177:6:HAL_TIM_Base_MspDeInit	0	static
../Core/Src/stm32l1xx_hal_msp.c:216:6:HAL_TIM_PWM_MspDeInit	0	static
../Core/Src/stm32l1xx_hal_msp.c:238:6:HAL_UART_MspInit	40	static
../Core/Src/stm32l1xx_hal_msp.c:274:6:HAL_UART_MspDeInit	8	static
