../Core/Src/main.c:109:5:main	32	static
../Core/Src/main.c:257:6:SystemClock_Config	80	static
../Core/Src/main.c:300:13:MX_NVIC_Init	8	static
../Core/Src/main.c:321:13:MX_TIM6_Init	16	static
../Core/Src/main.c:359:13:MX_TIM7_Init	16	static
../Core/Src/main.c:397:13:MX_TIM11_Init	40	static
../Core/Src/main.c:449:13:MX_USART2_UART_Init	8	static
../Core/Src/main.c:480:13:MX_DMA_Init	16	static
../Core/Src/main.c:493:13:MX_GPIO_Init	48	static
../Core/Src/main.c:531:6:HAL_TIM_PeriodElapsedCallback	16	static
../Core/Src/main.c:543:6:HAL_TIM_PeriodElapsedHalfCpltCallback	16	static
../Core/Src/main.c:554:6:HAL_GPIO_EXTI_Callback	16	static
../Core/Src/main.c:570:6:set_LED_Blink_freq	16	static
../Core/Src/main.c:582:7:set_FW_Speed	24	static
../Core/Src/main.c:597:6:Error_Handler	16	static,ignoring_inline_asm
